// Jest Snapshot v1, https://goo.gl/fbAQLP

exports[`Tags when there is a properly formatted tags property it renders the notes section 1`] = `
<DocumentFragment>
  <div
    class="tags MuiBox-root css-h5fkc8"
  >
    <div
      class="tagButtons css-m69qwo-MuiStack-root"
      data-testid="tag-buttons"
    >
      <a
        class="MuiButtonBase-root MuiButton-root MuiButton-outlined MuiButton-outlinedPrimary MuiButton-sizeSmall MuiButton-outlinedSizeSmall MuiButton-root MuiButton-outlined MuiButton-outlinedPrimary MuiButton-sizeSmall MuiButton-outlinedSizeSmall tag css-1k23hlb-MuiButtonBase-root-MuiButton-root"
        href="/tags/tag-1"
        role="button"
        tabindex="0"
      >
        Tag 1
        <span
          class="MuiTouchRipple-root css-8je8zh-MuiTouchRipple-root"
        />
      </a>
      <a
        class="MuiButtonBase-root MuiButton-root MuiButton-outlined MuiButton-outlinedPrimary MuiButton-sizeSmall MuiButton-outlinedSizeSmall MuiButton-root MuiButton-outlined MuiButton-outlinedPrimary MuiButton-sizeSmall MuiButton-outlinedSizeSmall tag css-1k23hlb-MuiButtonBase-root-MuiButton-root"
        href="/tags/tag-2"
        role="button"
        tabindex="0"
      >
        Tag 2
        <span
          class="MuiTouchRipple-root css-8je8zh-MuiTouchRipple-root"
        />
      </a>
    </div>
  </div>
</DocumentFragment>
`;
