// Jest Snapshot v1, https://goo.gl/fbAQLP

exports[`NavBar when there is a properly structured nav property it renders a nav bar 1`] = `
<div>
  <nav
    class="MuiPaper-root MuiPaper-elevation MuiPaper-elevation4 MuiAppBar-root MuiAppBar-colorPrimary MuiAppBar-positionFixed mui-fixed css-11b3ww9-MuiPaper-root-MuiAppBar-root"
    data-testid="navbar"
    style=""
  >
    <div
      class="MuiToolbar-root MuiToolbar-gutters MuiToolbar-regular menu css-hyum1k-MuiToolbar-root"
    >
      <a
        aria-label="home"
        class="MuiButtonBase-root MuiButton-root MuiButton-text MuiButton-textPrimary MuiButton-sizeLarge MuiButton-textSizeLarge MuiButton-root MuiButton-text MuiButton-textPrimary MuiButton-sizeLarge MuiButton-textSizeLarge logo css-kpm0tx-MuiButtonBase-root-MuiButton-root"
        href="/"
        role="button"
        tabindex="0"
      >
        <span
          class="MuiButton-startIcon MuiButton-iconSizeLarge css-htszrh-MuiButton-startIcon"
        >
          <div
            aria-label="logo"
            class="MuiBox-root css-0"
            data-testid="logo"
            role="graphics-symbol"
          >
            <svg
              aria-hidden="true"
              class="MuiSvgIcon-root MuiSvgIcon-fontSizeMedium css-i4bv87-MuiSvgIcon-root"
              focusable="false"
              viewBox="0 0 24 24"
            >
              <path
                d="M12.047 8c-4.906 0-8.248.82-8.715 1.012-.467.19-1.116.3-1.57.597-.448.447-.929.384-1.323.393-.179.002-.365.069-.418.154-.157.26.59 1.072.989 1.074.692.006.802.248 1.074 2.372.448 3.498.978 5.418 1.652 5.97.126.104.808.384 1.518.623 1.468.495 1.491.533 1.527 2.623.016.916.078 1.182.276 1.182.29 0 .37-.308.523-1.963l.107-1.172.547.123c.709.16 6.916.161 7.621 0l.543-.12.122 1.564c.107 1.377.16 1.568.447 1.568.294 0 .326-.144.326-1.453 0-.9.082-1.56.215-1.73.118-.152.756-.452 1.418-.663.684-.22 1.369-.57 1.586-.81.555-.617 1.02-2.338 1.424-5.264.201-1.461.444-2.634.564-2.71.114-.076.36-.137.541-.14.435-.003.959-.498.959-.904 0-.227-.127-.323-.43-.324-.39-.008-.708.06-1.258-.406-.452-.416-2.265-.985-3.908-1.242C17.144 8.188 15.8 8 12.047 8Zm.312.705c2.663.015 5.259.244 6.946.682 1.332.346 1.729.632 1.466 1.056-.267.434-1.471.808-3.457 1.073-5.785.77-14.1.051-14.1-1.221 0-.416.566-.728 1.8-.99 1.954-.417 4.683-.615 7.345-.6Z"
                style="color: rgb(255, 255, 255);"
              />
            </svg>
          </div>
        </span>
        Patrick's Recipes
        <span
          class="MuiTouchRipple-root css-8je8zh-MuiTouchRipple-root"
        />
      </a>
      <button
        aria-label="open categories menu"
        class="MuiButtonBase-root MuiButton-root MuiButton-text MuiButton-textPrimary MuiButton-sizeLarge MuiButton-textSizeLarge MuiButton-root MuiButton-text MuiButton-textPrimary MuiButton-sizeLarge MuiButton-textSizeLarge menu-button css-kpm0tx-MuiButtonBase-root-MuiButton-root"
        role="button"
        tabindex="0"
        type="button"
      >
        <span
          class="MuiButton-startIcon MuiButton-iconSizeLarge css-htszrh-MuiButton-startIcon"
        >
          <svg
            aria-hidden="true"
            class="MuiSvgIcon-root MuiSvgIcon-fontSizeMedium css-i4bv87-MuiSvgIcon-root"
            data-testid="MenuIcon"
            focusable="false"
            viewBox="0 0 24 24"
          >
            <path
              d="M3 18h18v-2H3v2zm0-5h18v-2H3v2zm0-7v2h18V6H3z"
            />
          </svg>
        </span>
        Categories
        <span
          class="dropdown-icon"
        >
          ▼
        </span>
        <span
          class="MuiTouchRipple-root css-8je8zh-MuiTouchRipple-root"
        />
      </button>
      <button
        aria-label="open cuisine menu"
        class="MuiButtonBase-root MuiButton-root MuiButton-text MuiButton-textPrimary MuiButton-sizeLarge MuiButton-textSizeLarge MuiButton-root MuiButton-text MuiButton-textPrimary MuiButton-sizeLarge MuiButton-textSizeLarge menu-button css-kpm0tx-MuiButtonBase-root-MuiButton-root"
        role="button"
        tabindex="0"
        type="button"
      >
        <span
          class="MuiButton-startIcon MuiButton-iconSizeLarge css-htszrh-MuiButton-startIcon"
        >
          <svg
            aria-hidden="true"
            class="MuiSvgIcon-root MuiSvgIcon-fontSizeMedium css-i4bv87-MuiSvgIcon-root"
            data-testid="LanguageIcon"
            focusable="false"
            viewBox="0 0 24 24"
          >
            <path
              d="M11.99 2C6.47 2 2 6.48 2 12s4.47 10 9.99 10C17.52 22 22 17.52 22 12S17.52 2 11.99 2zm6.93 6h-2.95c-.32-1.25-.78-2.45-1.38-3.56 1.84.63 3.37 1.91 4.33 3.56zM12 4.04c.83 1.2 1.48 2.53 1.91 3.96h-3.82c.43-1.43 1.08-2.76 1.91-3.96zM4.26 14C4.1 13.36 4 12.69 4 12s.1-1.36.26-2h3.38c-.08.66-.14 1.32-.14 2 0 .68.06 1.34.14 2H4.26zm.82 2h2.95c.32 1.25.78 2.45 1.38 3.56-1.84-.63-3.37-1.9-4.33-3.56zm2.95-8H5.08c.96-1.66 2.49-2.93 4.33-3.56C8.81 5.55 8.35 6.75 8.03 8zM12 19.96c-.83-1.2-1.48-2.53-1.91-3.96h3.82c-.43 1.43-1.08 2.76-1.91 3.96zM14.34 14H9.66c-.09-.66-.16-1.32-.16-2 0-.68.07-1.35.16-2h4.68c.09.65.16 1.32.16 2 0 .68-.07 1.34-.16 2zm.25 5.56c.6-1.11 1.06-2.31 1.38-3.56h2.95c-.96 1.65-2.49 2.93-4.33 3.56zM16.36 14c.08-.66.14-1.32.14-2 0-.68-.06-1.34-.14-2h3.38c.16.64.26 1.31.26 2s-.1 1.36-.26 2h-3.38z"
            />
          </svg>
        </span>
        Cuisine
        <span
          class="dropdown-icon"
        >
          ▼
        </span>
        <span
          class="MuiTouchRipple-root css-8je8zh-MuiTouchRipple-root"
        />
      </button>
      <button
        aria-label="open tags menu"
        class="MuiButtonBase-root MuiButton-root MuiButton-text MuiButton-textPrimary MuiButton-sizeLarge MuiButton-textSizeLarge MuiButton-root MuiButton-text MuiButton-textPrimary MuiButton-sizeLarge MuiButton-textSizeLarge menu-button css-kpm0tx-MuiButtonBase-root-MuiButton-root"
        role="button"
        tabindex="0"
        type="button"
      >
        <span
          class="MuiButton-startIcon MuiButton-iconSizeLarge css-htszrh-MuiButton-startIcon"
        >
          <svg
            aria-hidden="true"
            class="MuiSvgIcon-root MuiSvgIcon-fontSizeMedium css-i4bv87-MuiSvgIcon-root"
            data-testid="TagIcon"
            focusable="false"
            viewBox="0 0 24 24"
          >
            <path
              d="M20 10V8h-4V4h-2v4h-4V4H8v4H4v2h4v4H4v2h4v4h2v-4h4v4h2v-4h4v-2h-4v-4h4zm-6 4h-4v-4h4v4z"
            />
          </svg>
        </span>
        Tags
        <span
          class="dropdown-icon"
        >
          ▼
        </span>
        <span
          class="MuiTouchRipple-root css-8je8zh-MuiTouchRipple-root"
        />
      </button>
      <a
        aria-label="search"
        class="MuiButtonBase-root MuiButton-root MuiButton-text MuiButton-textPrimary MuiButton-sizeLarge MuiButton-textSizeLarge MuiButton-root MuiButton-text MuiButton-textPrimary MuiButton-sizeLarge MuiButton-textSizeLarge menu-button css-kpm0tx-MuiButtonBase-root-MuiButton-root"
        href="/search"
        role="button"
        tabindex="0"
      >
        <span
          class="MuiButton-startIcon MuiButton-iconSizeLarge css-htszrh-MuiButton-startIcon"
        >
          <svg
            aria-hidden="true"
            class="MuiSvgIcon-root MuiSvgIcon-fontSizeMedium css-i4bv87-MuiSvgIcon-root"
            data-testid="SearchIcon"
            focusable="false"
            viewBox="0 0 24 24"
          >
            <path
              d="M15.5 14h-.79l-.28-.27C15.41 12.59 16 11.11 16 9.5 16 5.91 13.09 3 9.5 3S3 5.91 3 9.5 5.91 16 9.5 16c1.61 0 3.09-.59 4.23-1.57l.27.28v.79l5 4.99L20.49 19l-4.99-5zm-6 0C7.01 14 5 11.99 5 9.5S7.01 5 9.5 5 14 7.01 14 9.5 11.99 14 9.5 14z"
            />
          </svg>
        </span>
        Search
        <span
          class="MuiTouchRipple-root css-8je8zh-MuiTouchRipple-root"
        />
      </a>
    </div>
  </nav>
</div>
`;
