// Jest Snapshot v1, https://goo.gl/fbAQLP

exports[`SearchGridPage when there is page content it renders the SearchGridPage 1`] = `
<DocumentFragment>
  <div
    class="MuiContainer-root MuiContainer-maxWidthXl page recipegrid search css-19r6kue-MuiContainer-root"
    data-testid="page"
  >
    <div
      data-testid="search-box"
    >
      SearchBox
    </div>
    <h1
      class="MuiTypography-root MuiTypography-h1 css-o2w69a-MuiTypography-root"
    >
      Title
    </h1>
    <h2
      class="MuiTypography-root MuiTypography-subtitle1 css-10wpov9-MuiTypography-root"
    >
      3 Recipes
    </h2>
    <div
      data-testid="search-results"
    >
      SearchResults
    </div>
  </div>
</DocumentFragment>
`;
