// Jest Snapshot v1, https://goo.gl/fbAQLP

exports[`Recipe when there is page content it renders the Recipe 1`] = `
<DocumentFragment>
  <div
    class="MuiBox-root css-0"
    data-testid="Recipe"
  >
    <h1
      class="MuiTypography-root MuiTypography-h1 MuiTypography-gutterBottom css-a4d0r7-MuiTypography-root"
    />
    <div
      class="MuiGrid-root MuiGrid-container MuiGrid-spacing-xs-4 content css-480o17-MuiGrid-root"
    >
      <div
        class="MuiGrid-root MuiGrid-item MuiGrid-grid-lg-6 contentGrid css-1i6hukq-MuiGrid-root"
      >
        <div
          class="MuiStack-root description css-nen11g-MuiStack-root"
        >
          <div
            class="MuiGrid-root MuiGrid-container details css-11lq3yg-MuiGrid-root"
          >
            <div
              class="MuiGrid-root MuiGrid-item MuiGrid-grid-xs-6 css-1osj8n2-MuiGrid-root"
            >
              <div
                class="MuiStack-root css-nen11g-MuiStack-root"
              />
            </div>
            <div
              class="MuiGrid-root MuiGrid-item MuiGrid-grid-xs-6 yield css-1osj8n2-MuiGrid-root"
            />
          </div>
        </div>
      </div>
      <div
        class="MuiGrid-root MuiGrid-item MuiGrid-grid-lg-6 css-1i6hukq-MuiGrid-root"
      />
    </div>
    <div
      class="MuiStack-root css-v2woy3-MuiStack-root"
    />
  </div>
</DocumentFragment>
`;
