// Jest Snapshot v1, https://goo.gl/fbAQLP

exports[`SubcategoryMenu when there is a properly structured category property it renders a menu defined by the category tag list 1`] = `
<div>
  <li
    class="MuiListItem-root MuiListItem-gutters MuiListItem-padding MuiButtonBase-root MuiMenuItem-root MuiMenuItem-gutters MuiMenuItem-root MuiMenuItem-gutters menuItem css-o3dcea-MuiListItem-root-MuiButtonBase-root-MuiMenuItem-root"
    data-testid="category item"
    role="menuitem"
    tabindex="-1"
  >
    <a
      aria-label="category-slug category"
      class="MuiButtonBase-root MuiListItemButton-root MuiListItemButton-gutters MuiListItemButton-root MuiListItemButton-gutters css-16ac5r2-MuiButtonBase-root-MuiListItemButton-root"
      href="/category/category-slug"
      tabindex="0"
    >
      <div
        class="MuiListItemText-root css-tlelie-MuiListItemText-root"
      >
        <span
          class="MuiTypography-root MuiTypography-body1 MuiListItemText-primary css-10hburv-MuiTypography-root"
        >
          Category Title (2)
        </span>
      </div>
      <span
        class="MuiTouchRipple-root css-8je8zh-MuiTouchRipple-root"
      />
    </a>
    <span
      class="MuiTouchRipple-root css-8je8zh-MuiTouchRipple-root"
    />
    <div
      class="MuiListItemSecondaryAction-root css-518kzi-MuiListItemSecondaryAction-root"
    >
      <button
        aria-label="expand"
        class="MuiButtonBase-root MuiIconButton-root MuiIconButton-edgeEnd MuiIconButton-sizeMedium css-1yq5fb3-MuiButtonBase-root-MuiIconButton-root"
        role="button"
        tabindex="0"
        type="button"
      >
        <svg
          aria-hidden="true"
          class="MuiSvgIcon-root MuiSvgIcon-fontSizeMedium css-i4bv87-MuiSvgIcon-root"
          data-testid="ExpandMoreIcon"
          focusable="false"
          viewBox="0 0 24 24"
        >
          <path
            d="M16.59 8.59 12 13.17 7.41 8.59 6 10l6 6 6-6z"
          />
        </svg>
        <span
          class="MuiTouchRipple-root css-8je8zh-MuiTouchRipple-root"
        />
      </button>
    </div>
  </li>
  <div
    class="MuiCollapse-root MuiCollapse-vertical MuiCollapse-hidden css-bz4dnt-MuiCollapse-root"
    data-testid="Category Title menu"
    style="min-height: 0px;"
  >
    <div
      class="MuiCollapse-wrapper MuiCollapse-vertical css-smkl36-MuiCollapse-wrapper"
    >
      <div
        class="MuiCollapse-wrapperInner MuiCollapse-vertical css-9l5vo-MuiCollapse-wrapperInner"
      >
        <div
          class="MuiList-root css-1mk9mw3-MuiList-root"
        >
          <li
            class="MuiButtonBase-root MuiMenuItem-root MuiMenuItem-gutters MuiMenuItem-root MuiMenuItem-gutters subMenuItem css-kk1bwy-MuiButtonBase-root-MuiMenuItem-root"
            data-testid="subcategory item"
            role="menuitem"
            tabindex="-1"
          >
            <a
              aria-label="tag-1 category"
              class="MuiButtonBase-root MuiListItemButton-root MuiListItemButton-gutters MuiListItemButton-root MuiListItemButton-gutters css-16ac5r2-MuiButtonBase-root-MuiListItemButton-root"
              href="/category/tag-1"
              tabindex="0"
            >
              <div
                class="MuiListItemText-root css-tlelie-MuiListItemText-root"
              >
                <span
                  class="MuiTypography-root MuiTypography-body1 MuiListItemText-primary css-10hburv-MuiTypography-root"
                >
                  Tag 1 (1)
                </span>
              </div>
              <span
                class="MuiTouchRipple-root css-8je8zh-MuiTouchRipple-root"
              />
            </a>
            <span
              class="MuiTouchRipple-root css-8je8zh-MuiTouchRipple-root"
            />
          </li>
        </div>
      </div>
    </div>
  </div>
</div>
`;
