// Jest Snapshot v1, https://goo.gl/fbAQLP

exports[`CategoryListItemButton when there is a correct payload it renders a list item for the menu 1`] = `
<div>
  <a
    aria-label="slug category"
    class="MuiButtonBase-root MuiListItemButton-root MuiListItemButton-gutters MuiListItemButton-root MuiListItemButton-gutters css-16ac5r2-MuiButtonBase-root-MuiListItemButton-root"
    href="/tag/slug"
    tabindex="0"
  >
    <div
      class="MuiListItemText-root menuItem css-tlelie-MuiListItemText-root"
    >
      <span
        class="MuiTypography-root MuiTypography-body1 MuiListItemText-primary css-10hburv-MuiTypography-root"
      >
        Test Title (10)
      </span>
    </div>
    <span
      class="MuiTouchRipple-root css-8je8zh-MuiTouchRipple-root"
    />
  </a>
</div>
`;
