// Jest Snapshot v1, https://goo.gl/fbAQLP

exports[`TagButtons when there are properly structured tag props it renders a row of tag buttons 1`] = `
<div
  class="css-180l46g-MuiStack-root"
  data-testid="tag-buttons"
>
  <a
    class="MuiButtonBase-root MuiButton-root MuiButton-outlined MuiButton-outlinedPrimary MuiButton-sizeSmall MuiButton-outlinedSizeSmall MuiButton-root MuiButton-outlined MuiButton-outlinedPrimary MuiButton-sizeSmall MuiButton-outlinedSizeSmall css-wmndcn-MuiButtonBase-root-MuiButton-root"
    href="/tag/tagtitle1"
    role="button"
    tabindex="0"
  >
    TagTitle1
    <span
      class="MuiTouchRipple-root css-8je8zh-MuiTouchRipple-root"
    />
  </a>
  <a
    class="MuiButtonBase-root MuiButton-root MuiButton-outlined MuiButton-outlinedPrimary MuiButton-sizeSmall MuiButton-outlinedSizeSmall MuiButton-root MuiButton-outlined MuiButton-outlinedPrimary MuiButton-sizeSmall MuiButton-outlinedSizeSmall css-wmndcn-MuiButtonBase-root-MuiButton-root"
    href="/tag/tagtitle2"
    role="button"
    tabindex="0"
  >
    TagTitle2
    <span
      class="MuiTouchRipple-root css-8je8zh-MuiTouchRipple-root"
    />
  </a>
</div>
`;
