// Jest Snapshot v1, https://goo.gl/fbAQLP

exports[`RecipeSchema when there is content it renders the component 1`] = `
<DocumentFragment>
  <script
    data-testid="recipe-schema"
    id="recipe-schema"
    type="application/ld+json"
  >
    {"@context":"https://schema.org/","@type":"Recipe","image":["undefined?w=252&h=252&fit=fill&fm=webp&q=75","undefined?w=336&h=252&fit=fill&fm=webp&q=75","undefined?w=448&h=252&fit=fill&fm=webp&q=75"],"author":{"@type":"Person","name":"Patrick Liddy"}}
  </script>
</DocumentFragment>
`;
