// Jest Snapshot v1, https://goo.gl/fbAQLP

exports[`EquipmentSection when there is properly formatted content it renders the equipment section if there is content 1`] = `
<div>
  <div
    class="equipment css-nen11g-MuiStack-root"
  >
    <h2
      class="MuiTypography-root MuiTypography-h2 css-1sra7t5-MuiTypography-root"
    >
      Equipment
    </h2>
    <ul
      class="MuiList-root MuiList-padding recipeList unorderedList css-h4y409-MuiList-root"
    >
      <li
        class="MuiListItem-root MuiListItem-padding css-1tnift2-MuiListItem-root"
      >
        <div
          class="MuiListItemIcon-root css-cveggr-MuiListItemIcon-root"
        >
          <div
            aria-label="skillet"
            class="icon MuiBox-root css-0"
            data-testid="skillet"
            role="graphics-symbol"
          >
            <svg
              aria-hidden="true"
              class="MuiSvgIcon-root MuiSvgIcon-fontSizeMedium css-i4bv87-MuiSvgIcon-root"
              focusable="false"
              viewBox="0 0 24 24"
            >
              <path
                d="M10.347 8.561c-1.187-1.07-3.385-3.086-4.354-4.19L2.859.59S1.886-.57.945.362L.696.608l-.25.247c-.94.93.207 1.916.207 1.916L4.4 5.946c1.094.982 3.084 3.202 4.141 4.401a8.54 8.54 0 1 0 1.807-1.786ZM2.185 2.75l-.974-.985a.446.446 0 1 1 .634-.626l.974.984a.446.446 0 1 1-.635.627z"
                style="color: rgb(25, 25, 25);"
              />
            </svg>
          </div>
        </div>
        <div
          class="MuiListItemText-root css-tlelie-MuiListItemText-root"
        >
          <span
            class="MuiTypography-root MuiTypography-body1 MuiListItemText-primary css-10hburv-MuiTypography-root"
          >
            equipment item 1
          </span>
        </div>
      </li>
      <li
        class="MuiListItem-root MuiListItem-padding css-1tnift2-MuiListItem-root"
      >
        <div
          class="MuiListItemIcon-root css-cveggr-MuiListItemIcon-root"
        >
          <div
            aria-label="skillet"
            class="icon MuiBox-root css-0"
            data-testid="skillet"
            role="graphics-symbol"
          >
            <svg
              aria-hidden="true"
              class="MuiSvgIcon-root MuiSvgIcon-fontSizeMedium css-i4bv87-MuiSvgIcon-root"
              focusable="false"
              viewBox="0 0 24 24"
            >
              <path
                d="M10.347 8.561c-1.187-1.07-3.385-3.086-4.354-4.19L2.859.59S1.886-.57.945.362L.696.608l-.25.247c-.94.93.207 1.916.207 1.916L4.4 5.946c1.094.982 3.084 3.202 4.141 4.401a8.54 8.54 0 1 0 1.807-1.786ZM2.185 2.75l-.974-.985a.446.446 0 1 1 .634-.626l.974.984a.446.446 0 1 1-.635.627z"
                style="color: rgb(25, 25, 25);"
              />
            </svg>
          </div>
        </div>
        <div
          class="MuiListItemText-root css-tlelie-MuiListItemText-root"
        >
          <span
            class="MuiTypography-root MuiTypography-body1 MuiListItemText-primary css-10hburv-MuiTypography-root"
          >
            equipment item 2
          </span>
        </div>
      </li>
    </ul>
  </div>
</div>
`;
