// Jest Snapshot v1, https://goo.gl/fbAQLP

exports[`PagedRecipes when there is paged content it renders the pageinated recipes list 1`] = `
<DocumentFragment>
  <div
    class="MuiGrid-root MuiGrid-container MuiGrid-spacing-xs-2 css-mhc70k-MuiGrid-root"
    data-testid="results-page"
  >
    <div
      class="MuiGrid-root MuiGrid-item MuiGrid-grid-xs-12 MuiGrid-grid-sm-6 MuiGrid-grid-md-4 MuiGrid-grid-lg-4 css-11l5t4l-MuiGrid-root"
    >
      <div
        class="MuiPaper-root MuiPaper-outlined MuiPaper-rounded MuiCard-root recipe css-1v5z4dq-MuiPaper-root-MuiCard-root"
      >
        <a
          class="MuiButtonBase-root MuiCardActionArea-root css-b6lsxj-MuiButtonBase-root-MuiCardActionArea-root"
          href="/recipes/bacon-wrapped-dates"
          tabindex="0"
        >
          <div
            class="MuiCardMedia-root imageWrapper css-16cvb1l-MuiCardMedia-root"
          >
            <link
              as="image"
              fetchpriority="high"
              href="https://images.ctfassets.net/fo9qwg6zarbt/6jqFtp2EVWwPWTIkb4P425/37b8e6dc73073e35bb9be4e34d5749aa/bacon-wrapped-dates.jpg?w=400&h=267&fm=webp&q=75"
              imagesrcset="https://images.ctfassets.net/fo9qwg6zarbt/6jqFtp2EVWwPWTIkb4P425/37b8e6dc73073e35bb9be4e34d5749aa/bacon-wrapped-dates.jpg?w=400&h=267&fm=webp&q=75 1x, https://images.ctfassets.net/fo9qwg6zarbt/6jqFtp2EVWwPWTIkb4P425/37b8e6dc73073e35bb9be4e34d5749aa/bacon-wrapped-dates.jpg?w=800&h=534&fm=webp&q=75 2x"
              media="(min-width: 987px)"
              rel="preload"
              sizes="400px"
              type="image/webp"
            />
            <link
              as="image"
              fetchpriority="high"
              href="https://images.ctfassets.net/fo9qwg6zarbt/6jqFtp2EVWwPWTIkb4P425/37b8e6dc73073e35bb9be4e34d5749aa/bacon-wrapped-dates.jpg?w=400&h=267&fm=webp&q=75"
              imagesrcset="https://images.ctfassets.net/fo9qwg6zarbt/6jqFtp2EVWwPWTIkb4P425/37b8e6dc73073e35bb9be4e34d5749aa/bacon-wrapped-dates.jpg?w=300&h=200&fm=webp&q=75 1x, https://images.ctfassets.net/fo9qwg6zarbt/6jqFtp2EVWwPWTIkb4P425/37b8e6dc73073e35bb9be4e34d5749aa/bacon-wrapped-dates.jpg?w=600&h=400&fm=webp&q=75 2x"
              media="(min-width: 768px) and (max-width: 986px)"
              rel="preload"
              sizes="300px"
              type="image/webp"
            />
            <link
              as="image"
              fetchpriority="high"
              href="https://images.ctfassets.net/fo9qwg6zarbt/6jqFtp2EVWwPWTIkb4P425/37b8e6dc73073e35bb9be4e34d5749aa/bacon-wrapped-dates.jpg?w=400&h=267&fm=webp&q=75"
              imagesrcset="https://images.ctfassets.net/fo9qwg6zarbt/6jqFtp2EVWwPWTIkb4P425/37b8e6dc73073e35bb9be4e34d5749aa/bacon-wrapped-dates.jpg?w=400&h=267&fm=webp&q=75 1x, https://images.ctfassets.net/fo9qwg6zarbt/6jqFtp2EVWwPWTIkb4P425/37b8e6dc73073e35bb9be4e34d5749aa/bacon-wrapped-dates.jpg?w=800&h=534&fm=webp&q=75 2x"
              media="(min-width: 668px) and (max-width: 767px)"
              rel="preload"
              sizes="400px"
              type="image/webp"
            />
            <link
              as="image"
              fetchpriority="high"
              href="https://images.ctfassets.net/fo9qwg6zarbt/6jqFtp2EVWwPWTIkb4P425/37b8e6dc73073e35bb9be4e34d5749aa/bacon-wrapped-dates.jpg?w=400&h=267&fm=webp&q=75"
              imagesrcset="https://images.ctfassets.net/fo9qwg6zarbt/6jqFtp2EVWwPWTIkb4P425/37b8e6dc73073e35bb9be4e34d5749aa/bacon-wrapped-dates.jpg?w=300&h=200&fm=webp&q=75 1x, https://images.ctfassets.net/fo9qwg6zarbt/6jqFtp2EVWwPWTIkb4P425/37b8e6dc73073e35bb9be4e34d5749aa/bacon-wrapped-dates.jpg?w=600&h=400&fm=webp&q=75 2x"
              media="(min-width: 480px) and (max-width: 667px)"
              rel="preload"
              sizes="300px"
              type="image/webp"
            />
            <link
              as="image"
              fetchpriority="high"
              href="https://images.ctfassets.net/fo9qwg6zarbt/6jqFtp2EVWwPWTIkb4P425/37b8e6dc73073e35bb9be4e34d5749aa/bacon-wrapped-dates.jpg?w=400&h=267&fm=webp&q=75"
              imagesrcset="https://images.ctfassets.net/fo9qwg6zarbt/6jqFtp2EVWwPWTIkb4P425/37b8e6dc73073e35bb9be4e34d5749aa/bacon-wrapped-dates.jpg?w=500&h=334&fm=webp&q=75 1x, https://images.ctfassets.net/fo9qwg6zarbt/6jqFtp2EVWwPWTIkb4P425/37b8e6dc73073e35bb9be4e34d5749aa/bacon-wrapped-dates.jpg?w=1000&h=668&fm=webp&q=75 2x"
              media="(min-width: 434px) and (max-width: 479px)"
              rel="preload"
              sizes="500px"
              type="image/webp"
            />
            <link
              as="image"
              fetchpriority="high"
              href="https://images.ctfassets.net/fo9qwg6zarbt/6jqFtp2EVWwPWTIkb4P425/37b8e6dc73073e35bb9be4e34d5749aa/bacon-wrapped-dates.jpg?w=400&h=267&fm=webp&q=75"
              imagesrcset="https://images.ctfassets.net/fo9qwg6zarbt/6jqFtp2EVWwPWTIkb4P425/37b8e6dc73073e35bb9be4e34d5749aa/bacon-wrapped-dates.jpg?w=400&h=267&fm=webp&q=75 1x, https://images.ctfassets.net/fo9qwg6zarbt/6jqFtp2EVWwPWTIkb4P425/37b8e6dc73073e35bb9be4e34d5749aa/bacon-wrapped-dates.jpg?w=800&h=534&fm=webp&q=75 2x"
              media="(min-width: 335px) and (max-width: 433px)"
              rel="preload"
              sizes="400px"
              type="image/webp"
            />
            <link
              as="image"
              fetchpriority="high"
              href="https://images.ctfassets.net/fo9qwg6zarbt/6jqFtp2EVWwPWTIkb4P425/37b8e6dc73073e35bb9be4e34d5749aa/bacon-wrapped-dates.jpg?w=400&h=267&fm=webp&q=75"
              imagesrcset="https://images.ctfassets.net/fo9qwg6zarbt/6jqFtp2EVWwPWTIkb4P425/37b8e6dc73073e35bb9be4e34d5749aa/bacon-wrapped-dates.jpg?w=300&h=200&fm=webp&q=75 1x, https://images.ctfassets.net/fo9qwg6zarbt/6jqFtp2EVWwPWTIkb4P425/37b8e6dc73073e35bb9be4e34d5749aa/bacon-wrapped-dates.jpg?w=600&h=400&fm=webp&q=75 2x"
              media="(max-width: 334px)"
              rel="preload"
              sizes="300px"
              type="image/webp"
            />
            <picture>
              <source
                media="(min-width: 987px)"
                sizes="400px"
                srcset="https://images.ctfassets.net/fo9qwg6zarbt/6jqFtp2EVWwPWTIkb4P425/37b8e6dc73073e35bb9be4e34d5749aa/bacon-wrapped-dates.jpg?w=400&h=267&fm=webp&q=75 1x, https://images.ctfassets.net/fo9qwg6zarbt/6jqFtp2EVWwPWTIkb4P425/37b8e6dc73073e35bb9be4e34d5749aa/bacon-wrapped-dates.jpg?w=800&h=534&fm=webp&q=75 2x"
              />
              <source
                media="(min-width: 768px) and (max-width: 986px)"
                sizes="300px"
                srcset="https://images.ctfassets.net/fo9qwg6zarbt/6jqFtp2EVWwPWTIkb4P425/37b8e6dc73073e35bb9be4e34d5749aa/bacon-wrapped-dates.jpg?w=300&h=200&fm=webp&q=75 1x, https://images.ctfassets.net/fo9qwg6zarbt/6jqFtp2EVWwPWTIkb4P425/37b8e6dc73073e35bb9be4e34d5749aa/bacon-wrapped-dates.jpg?w=600&h=400&fm=webp&q=75 2x"
              />
              <source
                media="(min-width: 668px) and (max-width: 767px)"
                sizes="400px"
                srcset="https://images.ctfassets.net/fo9qwg6zarbt/6jqFtp2EVWwPWTIkb4P425/37b8e6dc73073e35bb9be4e34d5749aa/bacon-wrapped-dates.jpg?w=400&h=267&fm=webp&q=75 1x, https://images.ctfassets.net/fo9qwg6zarbt/6jqFtp2EVWwPWTIkb4P425/37b8e6dc73073e35bb9be4e34d5749aa/bacon-wrapped-dates.jpg?w=800&h=534&fm=webp&q=75 2x"
              />
              <source
                media="(min-width: 480px) and (max-width: 667px)"
                sizes="300px"
                srcset="https://images.ctfassets.net/fo9qwg6zarbt/6jqFtp2EVWwPWTIkb4P425/37b8e6dc73073e35bb9be4e34d5749aa/bacon-wrapped-dates.jpg?w=300&h=200&fm=webp&q=75 1x, https://images.ctfassets.net/fo9qwg6zarbt/6jqFtp2EVWwPWTIkb4P425/37b8e6dc73073e35bb9be4e34d5749aa/bacon-wrapped-dates.jpg?w=600&h=400&fm=webp&q=75 2x"
              />
              <source
                media="(min-width: 434px) and (max-width: 479px)"
                sizes="500px"
                srcset="https://images.ctfassets.net/fo9qwg6zarbt/6jqFtp2EVWwPWTIkb4P425/37b8e6dc73073e35bb9be4e34d5749aa/bacon-wrapped-dates.jpg?w=500&h=334&fm=webp&q=75 1x, https://images.ctfassets.net/fo9qwg6zarbt/6jqFtp2EVWwPWTIkb4P425/37b8e6dc73073e35bb9be4e34d5749aa/bacon-wrapped-dates.jpg?w=1000&h=668&fm=webp&q=75 2x"
              />
              <source
                media="(min-width: 335px) and (max-width: 433px)"
                sizes="400px"
                srcset="https://images.ctfassets.net/fo9qwg6zarbt/6jqFtp2EVWwPWTIkb4P425/37b8e6dc73073e35bb9be4e34d5749aa/bacon-wrapped-dates.jpg?w=400&h=267&fm=webp&q=75 1x, https://images.ctfassets.net/fo9qwg6zarbt/6jqFtp2EVWwPWTIkb4P425/37b8e6dc73073e35bb9be4e34d5749aa/bacon-wrapped-dates.jpg?w=800&h=534&fm=webp&q=75 2x"
              />
              <source
                media="(max-width: 334px)"
                sizes="300px"
                srcset="https://images.ctfassets.net/fo9qwg6zarbt/6jqFtp2EVWwPWTIkb4P425/37b8e6dc73073e35bb9be4e34d5749aa/bacon-wrapped-dates.jpg?w=300&h=200&fm=webp&q=75 1x, https://images.ctfassets.net/fo9qwg6zarbt/6jqFtp2EVWwPWTIkb4P425/37b8e6dc73073e35bb9be4e34d5749aa/bacon-wrapped-dates.jpg?w=600&h=400&fm=webp&q=75 2x"
              />
              <img
                alt="A plate of bacon-wrapped dates"
                class="dynamicImage"
                fetchpriority="high"
                height="267"
                loading="eager"
                src="https://images.ctfassets.net/fo9qwg6zarbt/6jqFtp2EVWwPWTIkb4P425/37b8e6dc73073e35bb9be4e34d5749aa/bacon-wrapped-dates.jpg?w=800&h=534&fm=webp&q=75"
                width="400"
              />
            </picture>
          </div>
          <div
            class="MuiCardHeader-root css-185gdzj-MuiCardHeader-root"
          >
            <div
              class="MuiCardHeader-content css-1qbkelo-MuiCardHeader-content"
            >
              <span
                class="MuiTypography-root MuiTypography-h5 MuiCardHeader-title css-1qvr50w-MuiTypography-root"
              >
                Bacon-Wrapped Dates
              </span>
              <span
                class="MuiTypography-root MuiTypography-body1 MuiCardHeader-subheader css-nrdprl-MuiTypography-root"
              >
                Small Plates
              </span>
            </div>
          </div>
          <div
            class="MuiCardContent-root css-46bh2p-MuiCardContent-root"
          >
            <p
              class="MuiTypography-root MuiTypography-body2 abstract css-e784if-MuiTypography-root"
            >
              The perfect appetizer, bacon-wrapped dates are salty and crisp on the outside, soft and sweet once your teeth sink in.
            </p>
          </div>
          <span
            class="MuiCardActionArea-focusHighlight css-1v2exvi-MuiCardActionArea-focusHighlight"
          />
          <span
            class="MuiTouchRipple-root css-8je8zh-MuiTouchRipple-root"
          />
        </a>
        <div
          class="MuiCardActions-root MuiCardActions-spacing css-1t6e9jv-MuiCardActions-root"
        >
          <div
            class="tagButtons css-m69qwo-MuiStack-root"
            data-testid="tag-buttons"
          >
            <a
              class="MuiButtonBase-root MuiButton-root MuiButton-outlined MuiButton-outlinedPrimary MuiButton-sizeSmall MuiButton-outlinedSizeSmall MuiButton-root MuiButton-outlined MuiButton-outlinedPrimary MuiButton-sizeSmall MuiButton-outlinedSizeSmall tag css-1k23hlb-MuiButtonBase-root-MuiButton-root"
              href="/tags/small-plates"
              role="button"
              tabindex="0"
            >
              Small Plates
              <span
                class="MuiTouchRipple-root css-8je8zh-MuiTouchRipple-root"
              />
            </a>
            <a
              class="MuiButtonBase-root MuiButton-root MuiButton-outlined MuiButton-outlinedPrimary MuiButton-sizeSmall MuiButton-outlinedSizeSmall MuiButton-root MuiButton-outlined MuiButton-outlinedPrimary MuiButton-sizeSmall MuiButton-outlinedSizeSmall tag css-1k23hlb-MuiButtonBase-root-MuiButton-root"
              href="/tags/bacon"
              role="button"
              tabindex="0"
            >
              Bacon
              <span
                class="MuiTouchRipple-root css-8je8zh-MuiTouchRipple-root"
              />
            </a>
            <a
              class="MuiButtonBase-root MuiButton-root MuiButton-outlined MuiButton-outlinedPrimary MuiButton-sizeSmall MuiButton-outlinedSizeSmall MuiButton-root MuiButton-outlined MuiButton-outlinedPrimary MuiButton-sizeSmall MuiButton-outlinedSizeSmall tag css-1k23hlb-MuiButtonBase-root-MuiButton-root"
              href="/tags/mediterranean"
              role="button"
              tabindex="0"
            >
              Mediterranean
              <span
                class="MuiTouchRipple-root css-8je8zh-MuiTouchRipple-root"
              />
            </a>
          </div>
        </div>
      </div>
    </div>
    <div
      class="MuiGrid-root MuiGrid-item MuiGrid-grid-xs-12 MuiGrid-grid-sm-6 MuiGrid-grid-md-4 MuiGrid-grid-lg-4 css-11l5t4l-MuiGrid-root"
    >
      <div
        class="MuiPaper-root MuiPaper-outlined MuiPaper-rounded MuiCard-root recipe css-1v5z4dq-MuiPaper-root-MuiCard-root"
      >
        <a
          class="MuiButtonBase-root MuiCardActionArea-root css-b6lsxj-MuiButtonBase-root-MuiCardActionArea-root"
          href="/recipes/basmati-lime-rice"
          tabindex="0"
        >
          <div
            class="MuiCardMedia-root imageWrapper css-16cvb1l-MuiCardMedia-root"
          >
            <link
              as="image"
              fetchpriority="high"
              href="https://images.ctfassets.net/fo9qwg6zarbt/2Y8FHjjNDYCcsflAJq4Q5j/6615d77fa788a39e5d9135b9def8d006/basmati-rice.jpg?w=400&h=267&fm=webp&q=75"
              imagesrcset="https://images.ctfassets.net/fo9qwg6zarbt/2Y8FHjjNDYCcsflAJq4Q5j/6615d77fa788a39e5d9135b9def8d006/basmati-rice.jpg?w=400&h=267&fm=webp&q=75 1x, https://images.ctfassets.net/fo9qwg6zarbt/2Y8FHjjNDYCcsflAJq4Q5j/6615d77fa788a39e5d9135b9def8d006/basmati-rice.jpg?w=800&h=534&fm=webp&q=75 2x"
              media="(min-width: 987px)"
              rel="preload"
              sizes="400px"
              type="image/webp"
            />
            <link
              as="image"
              fetchpriority="high"
              href="https://images.ctfassets.net/fo9qwg6zarbt/2Y8FHjjNDYCcsflAJq4Q5j/6615d77fa788a39e5d9135b9def8d006/basmati-rice.jpg?w=400&h=267&fm=webp&q=75"
              imagesrcset="https://images.ctfassets.net/fo9qwg6zarbt/2Y8FHjjNDYCcsflAJq4Q5j/6615d77fa788a39e5d9135b9def8d006/basmati-rice.jpg?w=300&h=200&fm=webp&q=75 1x, https://images.ctfassets.net/fo9qwg6zarbt/2Y8FHjjNDYCcsflAJq4Q5j/6615d77fa788a39e5d9135b9def8d006/basmati-rice.jpg?w=600&h=400&fm=webp&q=75 2x"
              media="(min-width: 768px) and (max-width: 986px)"
              rel="preload"
              sizes="300px"
              type="image/webp"
            />
            <link
              as="image"
              fetchpriority="high"
              href="https://images.ctfassets.net/fo9qwg6zarbt/2Y8FHjjNDYCcsflAJq4Q5j/6615d77fa788a39e5d9135b9def8d006/basmati-rice.jpg?w=400&h=267&fm=webp&q=75"
              imagesrcset="https://images.ctfassets.net/fo9qwg6zarbt/2Y8FHjjNDYCcsflAJq4Q5j/6615d77fa788a39e5d9135b9def8d006/basmati-rice.jpg?w=400&h=267&fm=webp&q=75 1x, https://images.ctfassets.net/fo9qwg6zarbt/2Y8FHjjNDYCcsflAJq4Q5j/6615d77fa788a39e5d9135b9def8d006/basmati-rice.jpg?w=800&h=534&fm=webp&q=75 2x"
              media="(min-width: 668px) and (max-width: 767px)"
              rel="preload"
              sizes="400px"
              type="image/webp"
            />
            <link
              as="image"
              fetchpriority="high"
              href="https://images.ctfassets.net/fo9qwg6zarbt/2Y8FHjjNDYCcsflAJq4Q5j/6615d77fa788a39e5d9135b9def8d006/basmati-rice.jpg?w=400&h=267&fm=webp&q=75"
              imagesrcset="https://images.ctfassets.net/fo9qwg6zarbt/2Y8FHjjNDYCcsflAJq4Q5j/6615d77fa788a39e5d9135b9def8d006/basmati-rice.jpg?w=300&h=200&fm=webp&q=75 1x, https://images.ctfassets.net/fo9qwg6zarbt/2Y8FHjjNDYCcsflAJq4Q5j/6615d77fa788a39e5d9135b9def8d006/basmati-rice.jpg?w=600&h=400&fm=webp&q=75 2x"
              media="(min-width: 480px) and (max-width: 667px)"
              rel="preload"
              sizes="300px"
              type="image/webp"
            />
            <link
              as="image"
              fetchpriority="high"
              href="https://images.ctfassets.net/fo9qwg6zarbt/2Y8FHjjNDYCcsflAJq4Q5j/6615d77fa788a39e5d9135b9def8d006/basmati-rice.jpg?w=400&h=267&fm=webp&q=75"
              imagesrcset="https://images.ctfassets.net/fo9qwg6zarbt/2Y8FHjjNDYCcsflAJq4Q5j/6615d77fa788a39e5d9135b9def8d006/basmati-rice.jpg?w=500&h=334&fm=webp&q=75 1x, https://images.ctfassets.net/fo9qwg6zarbt/2Y8FHjjNDYCcsflAJq4Q5j/6615d77fa788a39e5d9135b9def8d006/basmati-rice.jpg?w=1000&h=668&fm=webp&q=75 2x"
              media="(min-width: 434px) and (max-width: 479px)"
              rel="preload"
              sizes="500px"
              type="image/webp"
            />
            <link
              as="image"
              fetchpriority="high"
              href="https://images.ctfassets.net/fo9qwg6zarbt/2Y8FHjjNDYCcsflAJq4Q5j/6615d77fa788a39e5d9135b9def8d006/basmati-rice.jpg?w=400&h=267&fm=webp&q=75"
              imagesrcset="https://images.ctfassets.net/fo9qwg6zarbt/2Y8FHjjNDYCcsflAJq4Q5j/6615d77fa788a39e5d9135b9def8d006/basmati-rice.jpg?w=400&h=267&fm=webp&q=75 1x, https://images.ctfassets.net/fo9qwg6zarbt/2Y8FHjjNDYCcsflAJq4Q5j/6615d77fa788a39e5d9135b9def8d006/basmati-rice.jpg?w=800&h=534&fm=webp&q=75 2x"
              media="(min-width: 335px) and (max-width: 433px)"
              rel="preload"
              sizes="400px"
              type="image/webp"
            />
            <link
              as="image"
              fetchpriority="high"
              href="https://images.ctfassets.net/fo9qwg6zarbt/2Y8FHjjNDYCcsflAJq4Q5j/6615d77fa788a39e5d9135b9def8d006/basmati-rice.jpg?w=400&h=267&fm=webp&q=75"
              imagesrcset="https://images.ctfassets.net/fo9qwg6zarbt/2Y8FHjjNDYCcsflAJq4Q5j/6615d77fa788a39e5d9135b9def8d006/basmati-rice.jpg?w=300&h=200&fm=webp&q=75 1x, https://images.ctfassets.net/fo9qwg6zarbt/2Y8FHjjNDYCcsflAJq4Q5j/6615d77fa788a39e5d9135b9def8d006/basmati-rice.jpg?w=600&h=400&fm=webp&q=75 2x"
              media="(max-width: 334px)"
              rel="preload"
              sizes="300px"
              type="image/webp"
            />
            <picture>
              <source
                media="(min-width: 987px)"
                sizes="400px"
                srcset="https://images.ctfassets.net/fo9qwg6zarbt/2Y8FHjjNDYCcsflAJq4Q5j/6615d77fa788a39e5d9135b9def8d006/basmati-rice.jpg?w=400&h=267&fm=webp&q=75 1x, https://images.ctfassets.net/fo9qwg6zarbt/2Y8FHjjNDYCcsflAJq4Q5j/6615d77fa788a39e5d9135b9def8d006/basmati-rice.jpg?w=800&h=534&fm=webp&q=75 2x"
              />
              <source
                media="(min-width: 768px) and (max-width: 986px)"
                sizes="300px"
                srcset="https://images.ctfassets.net/fo9qwg6zarbt/2Y8FHjjNDYCcsflAJq4Q5j/6615d77fa788a39e5d9135b9def8d006/basmati-rice.jpg?w=300&h=200&fm=webp&q=75 1x, https://images.ctfassets.net/fo9qwg6zarbt/2Y8FHjjNDYCcsflAJq4Q5j/6615d77fa788a39e5d9135b9def8d006/basmati-rice.jpg?w=600&h=400&fm=webp&q=75 2x"
              />
              <source
                media="(min-width: 668px) and (max-width: 767px)"
                sizes="400px"
                srcset="https://images.ctfassets.net/fo9qwg6zarbt/2Y8FHjjNDYCcsflAJq4Q5j/6615d77fa788a39e5d9135b9def8d006/basmati-rice.jpg?w=400&h=267&fm=webp&q=75 1x, https://images.ctfassets.net/fo9qwg6zarbt/2Y8FHjjNDYCcsflAJq4Q5j/6615d77fa788a39e5d9135b9def8d006/basmati-rice.jpg?w=800&h=534&fm=webp&q=75 2x"
              />
              <source
                media="(min-width: 480px) and (max-width: 667px)"
                sizes="300px"
                srcset="https://images.ctfassets.net/fo9qwg6zarbt/2Y8FHjjNDYCcsflAJq4Q5j/6615d77fa788a39e5d9135b9def8d006/basmati-rice.jpg?w=300&h=200&fm=webp&q=75 1x, https://images.ctfassets.net/fo9qwg6zarbt/2Y8FHjjNDYCcsflAJq4Q5j/6615d77fa788a39e5d9135b9def8d006/basmati-rice.jpg?w=600&h=400&fm=webp&q=75 2x"
              />
              <source
                media="(min-width: 434px) and (max-width: 479px)"
                sizes="500px"
                srcset="https://images.ctfassets.net/fo9qwg6zarbt/2Y8FHjjNDYCcsflAJq4Q5j/6615d77fa788a39e5d9135b9def8d006/basmati-rice.jpg?w=500&h=334&fm=webp&q=75 1x, https://images.ctfassets.net/fo9qwg6zarbt/2Y8FHjjNDYCcsflAJq4Q5j/6615d77fa788a39e5d9135b9def8d006/basmati-rice.jpg?w=1000&h=668&fm=webp&q=75 2x"
              />
              <source
                media="(min-width: 335px) and (max-width: 433px)"
                sizes="400px"
                srcset="https://images.ctfassets.net/fo9qwg6zarbt/2Y8FHjjNDYCcsflAJq4Q5j/6615d77fa788a39e5d9135b9def8d006/basmati-rice.jpg?w=400&h=267&fm=webp&q=75 1x, https://images.ctfassets.net/fo9qwg6zarbt/2Y8FHjjNDYCcsflAJq4Q5j/6615d77fa788a39e5d9135b9def8d006/basmati-rice.jpg?w=800&h=534&fm=webp&q=75 2x"
              />
              <source
                media="(max-width: 334px)"
                sizes="300px"
                srcset="https://images.ctfassets.net/fo9qwg6zarbt/2Y8FHjjNDYCcsflAJq4Q5j/6615d77fa788a39e5d9135b9def8d006/basmati-rice.jpg?w=300&h=200&fm=webp&q=75 1x, https://images.ctfassets.net/fo9qwg6zarbt/2Y8FHjjNDYCcsflAJq4Q5j/6615d77fa788a39e5d9135b9def8d006/basmati-rice.jpg?w=600&h=400&fm=webp&q=75 2x"
              />
              <img
                alt="Skillet with basmati rice and chopped parsley."
                class="dynamicImage"
                fetchpriority="high"
                height="267"
                loading="eager"
                src="https://images.ctfassets.net/fo9qwg6zarbt/2Y8FHjjNDYCcsflAJq4Q5j/6615d77fa788a39e5d9135b9def8d006/basmati-rice.jpg?w=800&h=534&fm=webp&q=75"
                width="400"
              />
            </picture>
          </div>
          <div
            class="MuiCardHeader-root css-185gdzj-MuiCardHeader-root"
          >
            <div
              class="MuiCardHeader-content css-1qbkelo-MuiCardHeader-content"
            >
              <span
                class="MuiTypography-root MuiTypography-h5 MuiCardHeader-title css-1qvr50w-MuiTypography-root"
              >
                Basmati Lime Rice
              </span>
              <span
                class="MuiTypography-root MuiTypography-body1 MuiCardHeader-subheader css-nrdprl-MuiTypography-root"
              >
                Rice
              </span>
            </div>
          </div>
          <div
            class="MuiCardContent-root css-46bh2p-MuiCardContent-root"
          >
            <p
              class="MuiTypography-root MuiTypography-body2 abstract css-e784if-MuiTypography-root"
            >
              Light and fluffy basmati rice using a traditional Indian technique in a covered skillet with the added kick from fresh lime.
            </p>
          </div>
          <span
            class="MuiCardActionArea-focusHighlight css-1v2exvi-MuiCardActionArea-focusHighlight"
          />
          <span
            class="MuiTouchRipple-root css-8je8zh-MuiTouchRipple-root"
          />
        </a>
        <div
          class="MuiCardActions-root MuiCardActions-spacing css-1t6e9jv-MuiCardActions-root"
        >
          <div
            class="tagButtons css-m69qwo-MuiStack-root"
            data-testid="tag-buttons"
          >
            <a
              class="MuiButtonBase-root MuiButton-root MuiButton-outlined MuiButton-outlinedPrimary MuiButton-sizeSmall MuiButton-outlinedSizeSmall MuiButton-root MuiButton-outlined MuiButton-outlinedPrimary MuiButton-sizeSmall MuiButton-outlinedSizeSmall tag css-1k23hlb-MuiButtonBase-root-MuiButton-root"
              href="/tags/rice"
              role="button"
              tabindex="0"
            >
              Rice
              <span
                class="MuiTouchRipple-root css-8je8zh-MuiTouchRipple-root"
              />
            </a>
          </div>
        </div>
      </div>
    </div>
    <div
      class="MuiGrid-root MuiGrid-item MuiGrid-grid-xs-12 MuiGrid-grid-sm-6 MuiGrid-grid-md-4 MuiGrid-grid-lg-4 css-11l5t4l-MuiGrid-root"
    >
      <div
        class="MuiPaper-root MuiPaper-outlined MuiPaper-rounded MuiCard-root recipe css-1v5z4dq-MuiPaper-root-MuiCard-root"
      >
        <a
          class="MuiButtonBase-root MuiCardActionArea-root css-b6lsxj-MuiButtonBase-root-MuiCardActionArea-root"
          href="/recipes/biscuits"
          tabindex="0"
        >
          <div
            class="MuiCardMedia-root imageWrapper css-16cvb1l-MuiCardMedia-root"
          >
            <link
              as="image"
              fetchpriority="high"
              href="https://images.ctfassets.net/fo9qwg6zarbt/B6C4D23gXNDNfGVrxb1DK/9d8e62c1faf660f7e542eed14e044b57/biscuits.jpg?w=400&h=267&fm=webp&q=75"
              imagesrcset="https://images.ctfassets.net/fo9qwg6zarbt/B6C4D23gXNDNfGVrxb1DK/9d8e62c1faf660f7e542eed14e044b57/biscuits.jpg?w=400&h=267&fm=webp&q=75 1x, https://images.ctfassets.net/fo9qwg6zarbt/B6C4D23gXNDNfGVrxb1DK/9d8e62c1faf660f7e542eed14e044b57/biscuits.jpg?w=800&h=534&fm=webp&q=75 2x"
              media="(min-width: 987px)"
              rel="preload"
              sizes="400px"
              type="image/webp"
            />
            <link
              as="image"
              fetchpriority="high"
              href="https://images.ctfassets.net/fo9qwg6zarbt/B6C4D23gXNDNfGVrxb1DK/9d8e62c1faf660f7e542eed14e044b57/biscuits.jpg?w=400&h=267&fm=webp&q=75"
              imagesrcset="https://images.ctfassets.net/fo9qwg6zarbt/B6C4D23gXNDNfGVrxb1DK/9d8e62c1faf660f7e542eed14e044b57/biscuits.jpg?w=300&h=200&fm=webp&q=75 1x, https://images.ctfassets.net/fo9qwg6zarbt/B6C4D23gXNDNfGVrxb1DK/9d8e62c1faf660f7e542eed14e044b57/biscuits.jpg?w=600&h=400&fm=webp&q=75 2x"
              media="(min-width: 768px) and (max-width: 986px)"
              rel="preload"
              sizes="300px"
              type="image/webp"
            />
            <link
              as="image"
              fetchpriority="high"
              href="https://images.ctfassets.net/fo9qwg6zarbt/B6C4D23gXNDNfGVrxb1DK/9d8e62c1faf660f7e542eed14e044b57/biscuits.jpg?w=400&h=267&fm=webp&q=75"
              imagesrcset="https://images.ctfassets.net/fo9qwg6zarbt/B6C4D23gXNDNfGVrxb1DK/9d8e62c1faf660f7e542eed14e044b57/biscuits.jpg?w=400&h=267&fm=webp&q=75 1x, https://images.ctfassets.net/fo9qwg6zarbt/B6C4D23gXNDNfGVrxb1DK/9d8e62c1faf660f7e542eed14e044b57/biscuits.jpg?w=800&h=534&fm=webp&q=75 2x"
              media="(min-width: 668px) and (max-width: 767px)"
              rel="preload"
              sizes="400px"
              type="image/webp"
            />
            <link
              as="image"
              fetchpriority="high"
              href="https://images.ctfassets.net/fo9qwg6zarbt/B6C4D23gXNDNfGVrxb1DK/9d8e62c1faf660f7e542eed14e044b57/biscuits.jpg?w=400&h=267&fm=webp&q=75"
              imagesrcset="https://images.ctfassets.net/fo9qwg6zarbt/B6C4D23gXNDNfGVrxb1DK/9d8e62c1faf660f7e542eed14e044b57/biscuits.jpg?w=300&h=200&fm=webp&q=75 1x, https://images.ctfassets.net/fo9qwg6zarbt/B6C4D23gXNDNfGVrxb1DK/9d8e62c1faf660f7e542eed14e044b57/biscuits.jpg?w=600&h=400&fm=webp&q=75 2x"
              media="(min-width: 480px) and (max-width: 667px)"
              rel="preload"
              sizes="300px"
              type="image/webp"
            />
            <link
              as="image"
              fetchpriority="high"
              href="https://images.ctfassets.net/fo9qwg6zarbt/B6C4D23gXNDNfGVrxb1DK/9d8e62c1faf660f7e542eed14e044b57/biscuits.jpg?w=400&h=267&fm=webp&q=75"
              imagesrcset="https://images.ctfassets.net/fo9qwg6zarbt/B6C4D23gXNDNfGVrxb1DK/9d8e62c1faf660f7e542eed14e044b57/biscuits.jpg?w=500&h=334&fm=webp&q=75 1x, https://images.ctfassets.net/fo9qwg6zarbt/B6C4D23gXNDNfGVrxb1DK/9d8e62c1faf660f7e542eed14e044b57/biscuits.jpg?w=1000&h=668&fm=webp&q=75 2x"
              media="(min-width: 434px) and (max-width: 479px)"
              rel="preload"
              sizes="500px"
              type="image/webp"
            />
            <link
              as="image"
              fetchpriority="high"
              href="https://images.ctfassets.net/fo9qwg6zarbt/B6C4D23gXNDNfGVrxb1DK/9d8e62c1faf660f7e542eed14e044b57/biscuits.jpg?w=400&h=267&fm=webp&q=75"
              imagesrcset="https://images.ctfassets.net/fo9qwg6zarbt/B6C4D23gXNDNfGVrxb1DK/9d8e62c1faf660f7e542eed14e044b57/biscuits.jpg?w=400&h=267&fm=webp&q=75 1x, https://images.ctfassets.net/fo9qwg6zarbt/B6C4D23gXNDNfGVrxb1DK/9d8e62c1faf660f7e542eed14e044b57/biscuits.jpg?w=800&h=534&fm=webp&q=75 2x"
              media="(min-width: 335px) and (max-width: 433px)"
              rel="preload"
              sizes="400px"
              type="image/webp"
            />
            <link
              as="image"
              fetchpriority="high"
              href="https://images.ctfassets.net/fo9qwg6zarbt/B6C4D23gXNDNfGVrxb1DK/9d8e62c1faf660f7e542eed14e044b57/biscuits.jpg?w=400&h=267&fm=webp&q=75"
              imagesrcset="https://images.ctfassets.net/fo9qwg6zarbt/B6C4D23gXNDNfGVrxb1DK/9d8e62c1faf660f7e542eed14e044b57/biscuits.jpg?w=300&h=200&fm=webp&q=75 1x, https://images.ctfassets.net/fo9qwg6zarbt/B6C4D23gXNDNfGVrxb1DK/9d8e62c1faf660f7e542eed14e044b57/biscuits.jpg?w=600&h=400&fm=webp&q=75 2x"
              media="(max-width: 334px)"
              rel="preload"
              sizes="300px"
              type="image/webp"
            />
            <picture>
              <source
                media="(min-width: 987px)"
                sizes="400px"
                srcset="https://images.ctfassets.net/fo9qwg6zarbt/B6C4D23gXNDNfGVrxb1DK/9d8e62c1faf660f7e542eed14e044b57/biscuits.jpg?w=400&h=267&fm=webp&q=75 1x, https://images.ctfassets.net/fo9qwg6zarbt/B6C4D23gXNDNfGVrxb1DK/9d8e62c1faf660f7e542eed14e044b57/biscuits.jpg?w=800&h=534&fm=webp&q=75 2x"
              />
              <source
                media="(min-width: 768px) and (max-width: 986px)"
                sizes="300px"
                srcset="https://images.ctfassets.net/fo9qwg6zarbt/B6C4D23gXNDNfGVrxb1DK/9d8e62c1faf660f7e542eed14e044b57/biscuits.jpg?w=300&h=200&fm=webp&q=75 1x, https://images.ctfassets.net/fo9qwg6zarbt/B6C4D23gXNDNfGVrxb1DK/9d8e62c1faf660f7e542eed14e044b57/biscuits.jpg?w=600&h=400&fm=webp&q=75 2x"
              />
              <source
                media="(min-width: 668px) and (max-width: 767px)"
                sizes="400px"
                srcset="https://images.ctfassets.net/fo9qwg6zarbt/B6C4D23gXNDNfGVrxb1DK/9d8e62c1faf660f7e542eed14e044b57/biscuits.jpg?w=400&h=267&fm=webp&q=75 1x, https://images.ctfassets.net/fo9qwg6zarbt/B6C4D23gXNDNfGVrxb1DK/9d8e62c1faf660f7e542eed14e044b57/biscuits.jpg?w=800&h=534&fm=webp&q=75 2x"
              />
              <source
                media="(min-width: 480px) and (max-width: 667px)"
                sizes="300px"
                srcset="https://images.ctfassets.net/fo9qwg6zarbt/B6C4D23gXNDNfGVrxb1DK/9d8e62c1faf660f7e542eed14e044b57/biscuits.jpg?w=300&h=200&fm=webp&q=75 1x, https://images.ctfassets.net/fo9qwg6zarbt/B6C4D23gXNDNfGVrxb1DK/9d8e62c1faf660f7e542eed14e044b57/biscuits.jpg?w=600&h=400&fm=webp&q=75 2x"
              />
              <source
                media="(min-width: 434px) and (max-width: 479px)"
                sizes="500px"
                srcset="https://images.ctfassets.net/fo9qwg6zarbt/B6C4D23gXNDNfGVrxb1DK/9d8e62c1faf660f7e542eed14e044b57/biscuits.jpg?w=500&h=334&fm=webp&q=75 1x, https://images.ctfassets.net/fo9qwg6zarbt/B6C4D23gXNDNfGVrxb1DK/9d8e62c1faf660f7e542eed14e044b57/biscuits.jpg?w=1000&h=668&fm=webp&q=75 2x"
              />
              <source
                media="(min-width: 335px) and (max-width: 433px)"
                sizes="400px"
                srcset="https://images.ctfassets.net/fo9qwg6zarbt/B6C4D23gXNDNfGVrxb1DK/9d8e62c1faf660f7e542eed14e044b57/biscuits.jpg?w=400&h=267&fm=webp&q=75 1x, https://images.ctfassets.net/fo9qwg6zarbt/B6C4D23gXNDNfGVrxb1DK/9d8e62c1faf660f7e542eed14e044b57/biscuits.jpg?w=800&h=534&fm=webp&q=75 2x"
              />
              <source
                media="(max-width: 334px)"
                sizes="300px"
                srcset="https://images.ctfassets.net/fo9qwg6zarbt/B6C4D23gXNDNfGVrxb1DK/9d8e62c1faf660f7e542eed14e044b57/biscuits.jpg?w=300&h=200&fm=webp&q=75 1x, https://images.ctfassets.net/fo9qwg6zarbt/B6C4D23gXNDNfGVrxb1DK/9d8e62c1faf660f7e542eed14e044b57/biscuits.jpg?w=600&h=400&fm=webp&q=75 2x"
              />
              <img
                alt="A batch of baking soda biscuits on a parchment-lined baking sheet."
                class="dynamicImage"
                fetchpriority="high"
                height="267"
                loading="eager"
                src="https://images.ctfassets.net/fo9qwg6zarbt/B6C4D23gXNDNfGVrxb1DK/9d8e62c1faf660f7e542eed14e044b57/biscuits.jpg?w=800&h=534&fm=webp&q=75"
                width="400"
              />
            </picture>
          </div>
          <div
            class="MuiCardHeader-root css-185gdzj-MuiCardHeader-root"
          >
            <div
              class="MuiCardHeader-content css-1qbkelo-MuiCardHeader-content"
            >
              <span
                class="MuiTypography-root MuiTypography-h5 MuiCardHeader-title css-1qvr50w-MuiTypography-root"
              >
                Biscuits
              </span>
              <span
                class="MuiTypography-root MuiTypography-body1 MuiCardHeader-subheader css-nrdprl-MuiTypography-root"
              >
                Baking
              </span>
            </div>
          </div>
          <div
            class="MuiCardContent-root css-46bh2p-MuiCardContent-root"
          >
            <p
              class="MuiTypography-root MuiTypography-body2 abstract css-e784if-MuiTypography-root"
            >
              Traditional baking powder biscuits that use grated frozen butter and folded dough to give the biscuits a soft, flaky texture.
            </p>
          </div>
          <span
            class="MuiCardActionArea-focusHighlight css-1v2exvi-MuiCardActionArea-focusHighlight"
          />
          <span
            class="MuiTouchRipple-root css-8je8zh-MuiTouchRipple-root"
          />
        </a>
        <div
          class="MuiCardActions-root MuiCardActions-spacing css-1t6e9jv-MuiCardActions-root"
        >
          <div
            class="tagButtons css-m69qwo-MuiStack-root"
            data-testid="tag-buttons"
          >
            <a
              class="MuiButtonBase-root MuiButton-root MuiButton-outlined MuiButton-outlinedPrimary MuiButton-sizeSmall MuiButton-outlinedSizeSmall MuiButton-root MuiButton-outlined MuiButton-outlinedPrimary MuiButton-sizeSmall MuiButton-outlinedSizeSmall tag css-1k23hlb-MuiButtonBase-root-MuiButton-root"
              href="/tags/baking"
              role="button"
              tabindex="0"
            >
              Baking
              <span
                class="MuiTouchRipple-root css-8je8zh-MuiTouchRipple-root"
              />
            </a>
            <a
              class="MuiButtonBase-root MuiButton-root MuiButton-outlined MuiButton-outlinedPrimary MuiButton-sizeSmall MuiButton-outlinedSizeSmall MuiButton-root MuiButton-outlined MuiButton-outlinedPrimary MuiButton-sizeSmall MuiButton-outlinedSizeSmall tag css-1k23hlb-MuiButtonBase-root-MuiButton-root"
              href="/tags/biscuits"
              role="button"
              tabindex="0"
            >
              Biscuits
              <span
                class="MuiTouchRipple-root css-8je8zh-MuiTouchRipple-root"
              />
            </a>
            <a
              class="MuiButtonBase-root MuiButton-root MuiButton-outlined MuiButton-outlinedPrimary MuiButton-sizeSmall MuiButton-outlinedSizeSmall MuiButton-root MuiButton-outlined MuiButton-outlinedPrimary MuiButton-sizeSmall MuiButton-outlinedSizeSmall tag css-1k23hlb-MuiButtonBase-root-MuiButton-root"
              href="/tags/breakfast"
              role="button"
              tabindex="0"
            >
              Breakfast
              <span
                class="MuiTouchRipple-root css-8je8zh-MuiTouchRipple-root"
              />
            </a>
            <a
              class="MuiButtonBase-root MuiButton-root MuiButton-outlined MuiButton-outlinedPrimary MuiButton-sizeSmall MuiButton-outlinedSizeSmall MuiButton-root MuiButton-outlined MuiButton-outlinedPrimary MuiButton-sizeSmall MuiButton-outlinedSizeSmall tag css-1k23hlb-MuiButtonBase-root-MuiButton-root"
              href="/tags/southern"
              role="button"
              tabindex="0"
            >
              Southern
              <span
                class="MuiTouchRipple-root css-8je8zh-MuiTouchRipple-root"
              />
            </a>
          </div>
        </div>
      </div>
    </div>
    <div
      class="MuiGrid-root MuiGrid-item MuiGrid-grid-xs-12 MuiGrid-grid-sm-6 MuiGrid-grid-md-4 MuiGrid-grid-lg-4 css-11l5t4l-MuiGrid-root"
    >
      <div
        class="MuiPaper-root MuiPaper-outlined MuiPaper-rounded MuiCard-root recipe css-1v5z4dq-MuiPaper-root-MuiCard-root"
      >
        <a
          class="MuiButtonBase-root MuiCardActionArea-root css-b6lsxj-MuiButtonBase-root-MuiCardActionArea-root"
          href="/recipes/boeuf-bourguignon"
          tabindex="0"
        >
          <div
            class="MuiCardMedia-root imageWrapper css-16cvb1l-MuiCardMedia-root"
          >
            <picture>
              <source
                media="(min-width: 987px)"
                sizes="400px"
                srcset="https://images.ctfassets.net/fo9qwg6zarbt/7CSu5w16cd1WlqCPl3Zm1j/c88a5c79f229a3388b7a61824deb3175/boeuf-bourguignon.jpg?w=400&h=267&fm=webp&q=75 1x, https://images.ctfassets.net/fo9qwg6zarbt/7CSu5w16cd1WlqCPl3Zm1j/c88a5c79f229a3388b7a61824deb3175/boeuf-bourguignon.jpg?w=800&h=534&fm=webp&q=75 2x"
              />
              <source
                media="(min-width: 768px) and (max-width: 986px)"
                sizes="300px"
                srcset="https://images.ctfassets.net/fo9qwg6zarbt/7CSu5w16cd1WlqCPl3Zm1j/c88a5c79f229a3388b7a61824deb3175/boeuf-bourguignon.jpg?w=300&h=200&fm=webp&q=75 1x, https://images.ctfassets.net/fo9qwg6zarbt/7CSu5w16cd1WlqCPl3Zm1j/c88a5c79f229a3388b7a61824deb3175/boeuf-bourguignon.jpg?w=600&h=400&fm=webp&q=75 2x"
              />
              <source
                media="(min-width: 668px) and (max-width: 767px)"
                sizes="400px"
                srcset="https://images.ctfassets.net/fo9qwg6zarbt/7CSu5w16cd1WlqCPl3Zm1j/c88a5c79f229a3388b7a61824deb3175/boeuf-bourguignon.jpg?w=400&h=267&fm=webp&q=75 1x, https://images.ctfassets.net/fo9qwg6zarbt/7CSu5w16cd1WlqCPl3Zm1j/c88a5c79f229a3388b7a61824deb3175/boeuf-bourguignon.jpg?w=800&h=534&fm=webp&q=75 2x"
              />
              <source
                media="(min-width: 480px) and (max-width: 667px)"
                sizes="300px"
                srcset="https://images.ctfassets.net/fo9qwg6zarbt/7CSu5w16cd1WlqCPl3Zm1j/c88a5c79f229a3388b7a61824deb3175/boeuf-bourguignon.jpg?w=300&h=200&fm=webp&q=75 1x, https://images.ctfassets.net/fo9qwg6zarbt/7CSu5w16cd1WlqCPl3Zm1j/c88a5c79f229a3388b7a61824deb3175/boeuf-bourguignon.jpg?w=600&h=400&fm=webp&q=75 2x"
              />
              <source
                media="(min-width: 434px) and (max-width: 479px)"
                sizes="500px"
                srcset="https://images.ctfassets.net/fo9qwg6zarbt/7CSu5w16cd1WlqCPl3Zm1j/c88a5c79f229a3388b7a61824deb3175/boeuf-bourguignon.jpg?w=500&h=334&fm=webp&q=75 1x, https://images.ctfassets.net/fo9qwg6zarbt/7CSu5w16cd1WlqCPl3Zm1j/c88a5c79f229a3388b7a61824deb3175/boeuf-bourguignon.jpg?w=1000&h=668&fm=webp&q=75 2x"
              />
              <source
                media="(min-width: 335px) and (max-width: 433px)"
                sizes="400px"
                srcset="https://images.ctfassets.net/fo9qwg6zarbt/7CSu5w16cd1WlqCPl3Zm1j/c88a5c79f229a3388b7a61824deb3175/boeuf-bourguignon.jpg?w=400&h=267&fm=webp&q=75 1x, https://images.ctfassets.net/fo9qwg6zarbt/7CSu5w16cd1WlqCPl3Zm1j/c88a5c79f229a3388b7a61824deb3175/boeuf-bourguignon.jpg?w=800&h=534&fm=webp&q=75 2x"
              />
              <source
                media="(max-width: 334px)"
                sizes="300px"
                srcset="https://images.ctfassets.net/fo9qwg6zarbt/7CSu5w16cd1WlqCPl3Zm1j/c88a5c79f229a3388b7a61824deb3175/boeuf-bourguignon.jpg?w=300&h=200&fm=webp&q=75 1x, https://images.ctfassets.net/fo9qwg6zarbt/7CSu5w16cd1WlqCPl3Zm1j/c88a5c79f229a3388b7a61824deb3175/boeuf-bourguignon.jpg?w=600&h=400&fm=webp&q=75 2x"
              />
              <img
                alt="A dutch oven with boeuf bourguignon."
                class="dynamicImage"
                fetchpriority="auto"
                height="267"
                loading="lazy"
                src="https://images.ctfassets.net/fo9qwg6zarbt/7CSu5w16cd1WlqCPl3Zm1j/c88a5c79f229a3388b7a61824deb3175/boeuf-bourguignon.jpg?w=800&h=534&fm=webp&q=75"
                width="400"
              />
            </picture>
          </div>
          <div
            class="MuiCardHeader-root css-185gdzj-MuiCardHeader-root"
          >
            <div
              class="MuiCardHeader-content css-1qbkelo-MuiCardHeader-content"
            >
              <span
                class="MuiTypography-root MuiTypography-h5 MuiCardHeader-title css-1qvr50w-MuiTypography-root"
              >
                Boeuf Bourguignon
              </span>
              <span
                class="MuiTypography-root MuiTypography-body1 MuiCardHeader-subheader css-nrdprl-MuiTypography-root"
              >
                Meat
              </span>
            </div>
          </div>
          <div
            class="MuiCardContent-root css-46bh2p-MuiCardContent-root"
          >
            <p
              class="MuiTypography-root MuiTypography-body2 abstract css-e784if-MuiTypography-root"
            >
              Boeuf Bourguignon is a classic French dish made with beef braised in red wine, vegetables, and herbs. It's hearty, flavorful, and perfect for cold days.
            </p>
          </div>
          <span
            class="MuiCardActionArea-focusHighlight css-1v2exvi-MuiCardActionArea-focusHighlight"
          />
          <span
            class="MuiTouchRipple-root css-8je8zh-MuiTouchRipple-root"
          />
        </a>
        <div
          class="MuiCardActions-root MuiCardActions-spacing css-1t6e9jv-MuiCardActions-root"
        >
          <div
            class="tagButtons css-m69qwo-MuiStack-root"
            data-testid="tag-buttons"
          >
            <a
              class="MuiButtonBase-root MuiButton-root MuiButton-outlined MuiButton-outlinedPrimary MuiButton-sizeSmall MuiButton-outlinedSizeSmall MuiButton-root MuiButton-outlined MuiButton-outlinedPrimary MuiButton-sizeSmall MuiButton-outlinedSizeSmall tag css-1k23hlb-MuiButtonBase-root-MuiButton-root"
              href="/tags/meat"
              role="button"
              tabindex="0"
            >
              Meat
              <span
                class="MuiTouchRipple-root css-8je8zh-MuiTouchRipple-root"
              />
            </a>
            <a
              class="MuiButtonBase-root MuiButton-root MuiButton-outlined MuiButton-outlinedPrimary MuiButton-sizeSmall MuiButton-outlinedSizeSmall MuiButton-root MuiButton-outlined MuiButton-outlinedPrimary MuiButton-sizeSmall MuiButton-outlinedSizeSmall tag css-1k23hlb-MuiButtonBase-root-MuiButton-root"
              href="/tags/beef"
              role="button"
              tabindex="0"
            >
              Beef
              <span
                class="MuiTouchRipple-root css-8je8zh-MuiTouchRipple-root"
              />
            </a>
            <a
              class="MuiButtonBase-root MuiButton-root MuiButton-outlined MuiButton-outlinedPrimary MuiButton-sizeSmall MuiButton-outlinedSizeSmall MuiButton-root MuiButton-outlined MuiButton-outlinedPrimary MuiButton-sizeSmall MuiButton-outlinedSizeSmall tag css-1k23hlb-MuiButtonBase-root-MuiButton-root"
              href="/tags/stew"
              role="button"
              tabindex="0"
            >
              Stew
              <span
                class="MuiTouchRipple-root css-8je8zh-MuiTouchRipple-root"
              />
            </a>
            <a
              class="MuiButtonBase-root MuiButton-root MuiButton-outlined MuiButton-outlinedPrimary MuiButton-sizeSmall MuiButton-outlinedSizeSmall MuiButton-root MuiButton-outlined MuiButton-outlinedPrimary MuiButton-sizeSmall MuiButton-outlinedSizeSmall tag css-1k23hlb-MuiButtonBase-root-MuiButton-root"
              href="/tags/french"
              role="button"
              tabindex="0"
            >
              French
              <span
                class="MuiTouchRipple-root css-8je8zh-MuiTouchRipple-root"
              />
            </a>
          </div>
        </div>
      </div>
    </div>
    <div
      class="MuiGrid-root MuiGrid-item MuiGrid-grid-xs-12 MuiGrid-grid-sm-6 MuiGrid-grid-md-4 MuiGrid-grid-lg-4 css-11l5t4l-MuiGrid-root"
    >
      <div
        class="MuiPaper-root MuiPaper-outlined MuiPaper-rounded MuiCard-root recipe css-1v5z4dq-MuiPaper-root-MuiCard-root"
      >
        <a
          class="MuiButtonBase-root MuiCardActionArea-root css-b6lsxj-MuiButtonBase-root-MuiCardActionArea-root"
          href="/recipes/brined-chicken-breasts"
          tabindex="0"
        >
          <div
            class="MuiCardMedia-root imageWrapper css-16cvb1l-MuiCardMedia-root"
          >
            <picture>
              <source
                media="(min-width: 987px)"
                sizes="400px"
                srcset="https://images.ctfassets.net/fo9qwg6zarbt/51O0AwpiOfzN6kRAW1NOlj/782d31a1bc9c67d346f1effde2e65778/brined-chicken-breast.jpg?w=400&h=267&fm=webp&q=75 1x, https://images.ctfassets.net/fo9qwg6zarbt/51O0AwpiOfzN6kRAW1NOlj/782d31a1bc9c67d346f1effde2e65778/brined-chicken-breast.jpg?w=800&h=534&fm=webp&q=75 2x"
              />
              <source
                media="(min-width: 768px) and (max-width: 986px)"
                sizes="300px"
                srcset="https://images.ctfassets.net/fo9qwg6zarbt/51O0AwpiOfzN6kRAW1NOlj/782d31a1bc9c67d346f1effde2e65778/brined-chicken-breast.jpg?w=300&h=200&fm=webp&q=75 1x, https://images.ctfassets.net/fo9qwg6zarbt/51O0AwpiOfzN6kRAW1NOlj/782d31a1bc9c67d346f1effde2e65778/brined-chicken-breast.jpg?w=600&h=400&fm=webp&q=75 2x"
              />
              <source
                media="(min-width: 668px) and (max-width: 767px)"
                sizes="400px"
                srcset="https://images.ctfassets.net/fo9qwg6zarbt/51O0AwpiOfzN6kRAW1NOlj/782d31a1bc9c67d346f1effde2e65778/brined-chicken-breast.jpg?w=400&h=267&fm=webp&q=75 1x, https://images.ctfassets.net/fo9qwg6zarbt/51O0AwpiOfzN6kRAW1NOlj/782d31a1bc9c67d346f1effde2e65778/brined-chicken-breast.jpg?w=800&h=534&fm=webp&q=75 2x"
              />
              <source
                media="(min-width: 480px) and (max-width: 667px)"
                sizes="300px"
                srcset="https://images.ctfassets.net/fo9qwg6zarbt/51O0AwpiOfzN6kRAW1NOlj/782d31a1bc9c67d346f1effde2e65778/brined-chicken-breast.jpg?w=300&h=200&fm=webp&q=75 1x, https://images.ctfassets.net/fo9qwg6zarbt/51O0AwpiOfzN6kRAW1NOlj/782d31a1bc9c67d346f1effde2e65778/brined-chicken-breast.jpg?w=600&h=400&fm=webp&q=75 2x"
              />
              <source
                media="(min-width: 434px) and (max-width: 479px)"
                sizes="500px"
                srcset="https://images.ctfassets.net/fo9qwg6zarbt/51O0AwpiOfzN6kRAW1NOlj/782d31a1bc9c67d346f1effde2e65778/brined-chicken-breast.jpg?w=500&h=334&fm=webp&q=75 1x, https://images.ctfassets.net/fo9qwg6zarbt/51O0AwpiOfzN6kRAW1NOlj/782d31a1bc9c67d346f1effde2e65778/brined-chicken-breast.jpg?w=1000&h=668&fm=webp&q=75 2x"
              />
              <source
                media="(min-width: 335px) and (max-width: 433px)"
                sizes="400px"
                srcset="https://images.ctfassets.net/fo9qwg6zarbt/51O0AwpiOfzN6kRAW1NOlj/782d31a1bc9c67d346f1effde2e65778/brined-chicken-breast.jpg?w=400&h=267&fm=webp&q=75 1x, https://images.ctfassets.net/fo9qwg6zarbt/51O0AwpiOfzN6kRAW1NOlj/782d31a1bc9c67d346f1effde2e65778/brined-chicken-breast.jpg?w=800&h=534&fm=webp&q=75 2x"
              />
              <source
                media="(max-width: 334px)"
                sizes="300px"
                srcset="https://images.ctfassets.net/fo9qwg6zarbt/51O0AwpiOfzN6kRAW1NOlj/782d31a1bc9c67d346f1effde2e65778/brined-chicken-breast.jpg?w=300&h=200&fm=webp&q=75 1x, https://images.ctfassets.net/fo9qwg6zarbt/51O0AwpiOfzN6kRAW1NOlj/782d31a1bc9c67d346f1effde2e65778/brined-chicken-breast.jpg?w=600&h=400&fm=webp&q=75 2x"
              />
              <img
                alt="Oven roasted chicken breasts after they have been brined."
                class="dynamicImage"
                fetchpriority="auto"
                height="267"
                loading="lazy"
                src="https://images.ctfassets.net/fo9qwg6zarbt/51O0AwpiOfzN6kRAW1NOlj/782d31a1bc9c67d346f1effde2e65778/brined-chicken-breast.jpg?w=800&h=534&fm=webp&q=75"
                width="400"
              />
            </picture>
          </div>
          <div
            class="MuiCardHeader-root css-185gdzj-MuiCardHeader-root"
          >
            <div
              class="MuiCardHeader-content css-1qbkelo-MuiCardHeader-content"
            >
              <span
                class="MuiTypography-root MuiTypography-h5 MuiCardHeader-title css-1qvr50w-MuiTypography-root"
              >
                Brined Chicken Breasts
              </span>
              <span
                class="MuiTypography-root MuiTypography-body1 MuiCardHeader-subheader css-nrdprl-MuiTypography-root"
              >
                Meat
              </span>
            </div>
          </div>
          <div
            class="MuiCardContent-root css-46bh2p-MuiCardContent-root"
          >
            <p
              class="MuiTypography-root MuiTypography-body2 abstract css-e784if-MuiTypography-root"
            >
              Oven-roasted chicken breasts that are soaked in a salt water brine and roasted quickly at a high temperature to keep them tender and juicy.
            </p>
          </div>
          <span
            class="MuiCardActionArea-focusHighlight css-1v2exvi-MuiCardActionArea-focusHighlight"
          />
          <span
            class="MuiTouchRipple-root css-8je8zh-MuiTouchRipple-root"
          />
        </a>
        <div
          class="MuiCardActions-root MuiCardActions-spacing css-1t6e9jv-MuiCardActions-root"
        >
          <div
            class="tagButtons css-m69qwo-MuiStack-root"
            data-testid="tag-buttons"
          >
            <a
              class="MuiButtonBase-root MuiButton-root MuiButton-outlined MuiButton-outlinedPrimary MuiButton-sizeSmall MuiButton-outlinedSizeSmall MuiButton-root MuiButton-outlined MuiButton-outlinedPrimary MuiButton-sizeSmall MuiButton-outlinedSizeSmall tag css-1k23hlb-MuiButtonBase-root-MuiButton-root"
              href="/tags/meat"
              role="button"
              tabindex="0"
            >
              Meat
              <span
                class="MuiTouchRipple-root css-8je8zh-MuiTouchRipple-root"
              />
            </a>
            <a
              class="MuiButtonBase-root MuiButton-root MuiButton-outlined MuiButton-outlinedPrimary MuiButton-sizeSmall MuiButton-outlinedSizeSmall MuiButton-root MuiButton-outlined MuiButton-outlinedPrimary MuiButton-sizeSmall MuiButton-outlinedSizeSmall tag css-1k23hlb-MuiButtonBase-root-MuiButton-root"
              href="/tags/chicken"
              role="button"
              tabindex="0"
            >
              Chicken
              <span
                class="MuiTouchRipple-root css-8je8zh-MuiTouchRipple-root"
              />
            </a>
            <a
              class="MuiButtonBase-root MuiButton-root MuiButton-outlined MuiButton-outlinedPrimary MuiButton-sizeSmall MuiButton-outlinedSizeSmall MuiButton-root MuiButton-outlined MuiButton-outlinedPrimary MuiButton-sizeSmall MuiButton-outlinedSizeSmall tag css-1k23hlb-MuiButtonBase-root-MuiButton-root"
              href="/tags/brine"
              role="button"
              tabindex="0"
            >
              Brine
              <span
                class="MuiTouchRipple-root css-8je8zh-MuiTouchRipple-root"
              />
            </a>
          </div>
        </div>
      </div>
    </div>
    <div
      class="MuiGrid-root MuiGrid-item MuiGrid-grid-xs-12 MuiGrid-grid-sm-6 MuiGrid-grid-md-4 MuiGrid-grid-lg-4 css-11l5t4l-MuiGrid-root"
    >
      <div
        class="MuiPaper-root MuiPaper-outlined MuiPaper-rounded MuiCard-root recipe css-1v5z4dq-MuiPaper-root-MuiCard-root"
      >
        <a
          class="MuiButtonBase-root MuiCardActionArea-root css-b6lsxj-MuiButtonBase-root-MuiCardActionArea-root"
          href="/recipes/canned-pickles"
          tabindex="0"
        >
          <div
            class="MuiCardMedia-root imageWrapper css-16cvb1l-MuiCardMedia-root"
          >
            <picture>
              <source
                media="(min-width: 987px)"
                sizes="400px"
                srcset="https://images.ctfassets.net/fo9qwg6zarbt/2Xuw321ZL1GAqHK3KJh1F9/b8bdd58f65c1b0384340f7cc3f1b500c/pickles.JPG?w=400&h=267&fm=webp&q=75 1x, https://images.ctfassets.net/fo9qwg6zarbt/2Xuw321ZL1GAqHK3KJh1F9/b8bdd58f65c1b0384340f7cc3f1b500c/pickles.JPG?w=800&h=534&fm=webp&q=75 2x"
              />
              <source
                media="(min-width: 768px) and (max-width: 986px)"
                sizes="300px"
                srcset="https://images.ctfassets.net/fo9qwg6zarbt/2Xuw321ZL1GAqHK3KJh1F9/b8bdd58f65c1b0384340f7cc3f1b500c/pickles.JPG?w=300&h=200&fm=webp&q=75 1x, https://images.ctfassets.net/fo9qwg6zarbt/2Xuw321ZL1GAqHK3KJh1F9/b8bdd58f65c1b0384340f7cc3f1b500c/pickles.JPG?w=600&h=400&fm=webp&q=75 2x"
              />
              <source
                media="(min-width: 668px) and (max-width: 767px)"
                sizes="400px"
                srcset="https://images.ctfassets.net/fo9qwg6zarbt/2Xuw321ZL1GAqHK3KJh1F9/b8bdd58f65c1b0384340f7cc3f1b500c/pickles.JPG?w=400&h=267&fm=webp&q=75 1x, https://images.ctfassets.net/fo9qwg6zarbt/2Xuw321ZL1GAqHK3KJh1F9/b8bdd58f65c1b0384340f7cc3f1b500c/pickles.JPG?w=800&h=534&fm=webp&q=75 2x"
              />
              <source
                media="(min-width: 480px) and (max-width: 667px)"
                sizes="300px"
                srcset="https://images.ctfassets.net/fo9qwg6zarbt/2Xuw321ZL1GAqHK3KJh1F9/b8bdd58f65c1b0384340f7cc3f1b500c/pickles.JPG?w=300&h=200&fm=webp&q=75 1x, https://images.ctfassets.net/fo9qwg6zarbt/2Xuw321ZL1GAqHK3KJh1F9/b8bdd58f65c1b0384340f7cc3f1b500c/pickles.JPG?w=600&h=400&fm=webp&q=75 2x"
              />
              <source
                media="(min-width: 434px) and (max-width: 479px)"
                sizes="500px"
                srcset="https://images.ctfassets.net/fo9qwg6zarbt/2Xuw321ZL1GAqHK3KJh1F9/b8bdd58f65c1b0384340f7cc3f1b500c/pickles.JPG?w=500&h=334&fm=webp&q=75 1x, https://images.ctfassets.net/fo9qwg6zarbt/2Xuw321ZL1GAqHK3KJh1F9/b8bdd58f65c1b0384340f7cc3f1b500c/pickles.JPG?w=1000&h=668&fm=webp&q=75 2x"
              />
              <source
                media="(min-width: 335px) and (max-width: 433px)"
                sizes="400px"
                srcset="https://images.ctfassets.net/fo9qwg6zarbt/2Xuw321ZL1GAqHK3KJh1F9/b8bdd58f65c1b0384340f7cc3f1b500c/pickles.JPG?w=400&h=267&fm=webp&q=75 1x, https://images.ctfassets.net/fo9qwg6zarbt/2Xuw321ZL1GAqHK3KJh1F9/b8bdd58f65c1b0384340f7cc3f1b500c/pickles.JPG?w=800&h=534&fm=webp&q=75 2x"
              />
              <source
                media="(max-width: 334px)"
                sizes="300px"
                srcset="https://images.ctfassets.net/fo9qwg6zarbt/2Xuw321ZL1GAqHK3KJh1F9/b8bdd58f65c1b0384340f7cc3f1b500c/pickles.JPG?w=300&h=200&fm=webp&q=75 1x, https://images.ctfassets.net/fo9qwg6zarbt/2Xuw321ZL1GAqHK3KJh1F9/b8bdd58f65c1b0384340f7cc3f1b500c/pickles.JPG?w=600&h=400&fm=webp&q=75 2x"
              />
              <img
                alt="jars of canned pickles"
                class="dynamicImage"
                fetchpriority="auto"
                height="267"
                loading="lazy"
                src="https://images.ctfassets.net/fo9qwg6zarbt/2Xuw321ZL1GAqHK3KJh1F9/b8bdd58f65c1b0384340f7cc3f1b500c/pickles.JPG?w=800&h=534&fm=webp&q=75"
                width="400"
              />
            </picture>
          </div>
          <div
            class="MuiCardHeader-root css-185gdzj-MuiCardHeader-root"
          >
            <div
              class="MuiCardHeader-content css-1qbkelo-MuiCardHeader-content"
            >
              <span
                class="MuiTypography-root MuiTypography-h5 MuiCardHeader-title css-1qvr50w-MuiTypography-root"
              >
                Canned Pickles
              </span>
              <span
                class="MuiTypography-root MuiTypography-body1 MuiCardHeader-subheader css-nrdprl-MuiTypography-root"
              >
                Pickles
              </span>
            </div>
          </div>
          <div
            class="MuiCardContent-root css-46bh2p-MuiCardContent-root"
          >
            <p
              class="MuiTypography-root MuiTypography-body2 abstract css-e784if-MuiTypography-root"
            >
              Classic Kosher garlic dill pickles made with fresh pickling cucumbers that are steam canned and shelf-stable for long-term storage.
            </p>
          </div>
          <span
            class="MuiCardActionArea-focusHighlight css-1v2exvi-MuiCardActionArea-focusHighlight"
          />
          <span
            class="MuiTouchRipple-root css-8je8zh-MuiTouchRipple-root"
          />
        </a>
        <div
          class="MuiCardActions-root MuiCardActions-spacing css-1t6e9jv-MuiCardActions-root"
        >
          <div
            class="tagButtons css-m69qwo-MuiStack-root"
            data-testid="tag-buttons"
          >
            <a
              class="MuiButtonBase-root MuiButton-root MuiButton-outlined MuiButton-outlinedPrimary MuiButton-sizeSmall MuiButton-outlinedSizeSmall MuiButton-root MuiButton-outlined MuiButton-outlinedPrimary MuiButton-sizeSmall MuiButton-outlinedSizeSmall tag css-1k23hlb-MuiButtonBase-root-MuiButton-root"
              href="/tags/pickles"
              role="button"
              tabindex="0"
            >
              Pickles
              <span
                class="MuiTouchRipple-root css-8je8zh-MuiTouchRipple-root"
              />
            </a>
            <a
              class="MuiButtonBase-root MuiButton-root MuiButton-outlined MuiButton-outlinedPrimary MuiButton-sizeSmall MuiButton-outlinedSizeSmall MuiButton-root MuiButton-outlined MuiButton-outlinedPrimary MuiButton-sizeSmall MuiButton-outlinedSizeSmall tag css-1k23hlb-MuiButtonBase-root-MuiButton-root"
              href="/tags/canning"
              role="button"
              tabindex="0"
            >
              Canning
              <span
                class="MuiTouchRipple-root css-8je8zh-MuiTouchRipple-root"
              />
            </a>
            <a
              class="MuiButtonBase-root MuiButton-root MuiButton-outlined MuiButton-outlinedPrimary MuiButton-sizeSmall MuiButton-outlinedSizeSmall MuiButton-root MuiButton-outlined MuiButton-outlinedPrimary MuiButton-sizeSmall MuiButton-outlinedSizeSmall tag css-1k23hlb-MuiButtonBase-root-MuiButton-root"
              href="/tags/cucumbers"
              role="button"
              tabindex="0"
            >
              Cucumbers
              <span
                class="MuiTouchRipple-root css-8je8zh-MuiTouchRipple-root"
              />
            </a>
          </div>
        </div>
      </div>
    </div>
  </div>
</DocumentFragment>
`;
