// Jest Snapshot v1, https://goo.gl/fbAQLP

exports[`Layout when there is page content it renders the Layout 1`] = `
<DocumentFragment>
  <div
    data-testid="NavBar"
  >
    NavBar
  </div>
  <main>
    <div
      class="MuiContainer-root MuiContainer-maxWidthXl page css-19r6kue-MuiContainer-root"
      data-testd="page"
    >
      <div>
        test
      </div>
    </div>
  </main>
</DocumentFragment>
`;
