// Jest Snapshot v1, https://goo.gl/fbAQLP

exports[`RecipeListPage in [page].tsx when there is content it renders the page 1`] = `
<DocumentFragment>
  <title>
    Index Default Title
  </title>
  <meta
    content="Index default description."
    name="description"
  />
  <script
    data-testid="recipe-list-schema"
    id="recipe-list-schema"
    type="application/ld+json"
  >
    {"@context":"https://schema.org","@type":"ItemList","name":"Index Default Title","description":"Index default description.","url":"https://test.recipes.pliddy.com","numberOfItems":2,"itemListElement":[{"@type":"ListItem","position":1,"name":"Title 1","url":"https://test.recipes.pliddy.com/recipe/slug-1"},{"@type":"ListItem","position":2,"name":"Title 2","url":"https://test.recipes.pliddy.com/recipe/slug-2"}]}
  </script>
  <div
    data-testid="RecipeGridPage"
  >
    <h1>
      Index Default Title
    </h1>
    <div>
      <p>
        slug-1
      </p>
      <p>
        Title 1
      </p>
    </div>
    <div>
      <p>
        slug-2
      </p>
      <p>
        Title 2
      </p>
    </div>
  </div>
</DocumentFragment>
`;

exports[`RecipeListPage in [page].tsx when there is no page parameter it renders the page 1`] = `
<DocumentFragment>
  <title>
    Index Default Title
  </title>
  <meta
    content="Index default description."
    name="description"
  />
  <script
    data-testid="recipe-list-schema"
    id="recipe-list-schema"
    type="application/ld+json"
  >
    {"@context":"https://schema.org","@type":"ItemList","name":"Index Default Title","description":"Index default description.","url":"https://test.recipes.pliddy.com","numberOfItems":2,"itemListElement":[{"@type":"ListItem","position":1,"name":"Title 1","url":"https://test.recipes.pliddy.com/recipe/slug-1"},{"@type":"ListItem","position":2,"name":"Title 2","url":"https://test.recipes.pliddy.com/recipe/slug-2"}]}
  </script>
  <div
    data-testid="RecipeGridPage"
  >
    <h1>
      Index Default Title
    </h1>
    <div>
      <p>
        slug-1
      </p>
      <p>
        Title 1
      </p>
    </div>
    <div>
      <p>
        slug-2
      </p>
      <p>
        Title 2
      </p>
    </div>
  </div>
</DocumentFragment>
`;
