// Jest Snapshot v1, https://goo.gl/fbAQLP

exports[`TagListSchema when there is content it renders the component 1`] = `
<DocumentFragment>
  <script
    data-testid="tag-list-schema"
    id="tag-list-schema"
    type="application/ld+json"
  >
    {"@context":"https://schema.org","@type":"ItemList","url":"https://test.recipes.pliddy.com","numberOfItems":2,"itemListElement":[{"@type":"ListItem","position":1,"name":"Tag 1 Title","url":"https://test.recipes.pliddy.com/tag/tag-1"},{"@type":"ListItem","position":2,"name":"Tag 2 Title","url":"https://test.recipes.pliddy.com/tag/tag-2"}]}
  </script>
</DocumentFragment>
`;
