// Jest Snapshot v1, https://goo.gl/fbAQLP

exports[`TagPage in tag/[slug].tsx when there is page content it renders the page 1`] = `
<DocumentFragment>
  <title>
    Baking Tag Default Title
  </title>
  <meta
    content="Tag default description for Baking"
    name="description"
  />
  <script
    data-testid="recipe-list-schema"
    id="recipe-list-schema"
    type="application/ld+json"
  >
    {"@context":"https://schema.org","@type":"ItemList","name":"Baking","description":"Tag default description for Baking","url":"https://localhost:3000","numberOfItems":3,"itemListElement":[{"@type":"ListItem","position":1,"name":"Biscuits","url":"https://localhost:3000/recipe/biscuits"},{"@type":"ListItem","position":2,"name":"No-Knead Olive Bread","url":"https://localhost:3000/recipe/no-knead-olive-bread"},{"@type":"ListItem","position":3,"name":"No-Knead Bread","url":"https://localhost:3000/recipe/no-knead-bread"}]}
  </script>
  <div
    data-testid="RecipeGridPage"
  >
    <h1>
      Baking Tag Default Title
    </h1>
    <div>
      <p>
        biscuits
      </p>
      <p>
        Biscuits
      </p>
    </div>
    <div>
      <p>
        no-knead-olive-bread
      </p>
      <p>
        No-Knead Olive Bread
      </p>
    </div>
    <div>
      <p>
        no-knead-bread
      </p>
      <p>
        No-Knead Bread
      </p>
    </div>
  </div>
</DocumentFragment>
`;
