// Jest Snapshot v1, https://goo.gl/fbAQLP

exports[`Recipe when editLoading is true displays the Loading component 1`] = `
<DocumentFragment>
  <div
    class="MuiContainer-root MuiContainer-maxWidthLg loading css-1oqqzyl-MuiContainer-root"
  >
    <span
      aria-label="spinner"
      class="MuiCircularProgress-root MuiCircularProgress-indeterminate MuiCircularProgress-colorPrimary css-18lrjg1-MuiCircularProgress-root"
      role="graphics-symbol"
      style="width: 40px; height: 40px;"
    >
      <svg
        class="MuiCircularProgress-svg css-1idz92c-MuiCircularProgress-svg"
        viewBox="22 22 44 44"
      >
        <circle
          class="MuiCircularProgress-circle MuiCircularProgress-circleIndeterminate css-176wh8e-MuiCircularProgress-circle"
          cx="44"
          cy="44"
          fill="none"
          r="20.2"
          stroke-width="3.6"
        />
      </svg>
    </span>
  </div>
</DocumentFragment>
`;

exports[`Recipe when there is page content it renders the Recipe 1`] = `
<DocumentFragment>
  <div
    class="recipe-edit MuiBox-root css-0"
    data-testid="RecipeEdit"
  >
    <h1
      class="MuiTypography-root MuiTypography-h1 css-ec67a2-MuiTypography-root"
    >
      Recipe Title
    </h1>
    <div
      class="MuiFormControl-root MuiTextField-root field bold css-1u3bzj6-MuiFormControl-root-MuiTextField-root"
    >
      <label
        class="MuiFormLabel-root MuiInputLabel-root MuiInputLabel-formControl MuiInputLabel-animated MuiInputLabel-shrink MuiInputLabel-sizeSmall MuiInputLabel-outlined MuiFormLabel-colorPrimary MuiFormLabel-filled MuiInputLabel-root MuiInputLabel-formControl MuiInputLabel-animated MuiInputLabel-shrink MuiInputLabel-sizeSmall MuiInputLabel-outlined css-1sumxir-MuiFormLabel-root-MuiInputLabel-root"
        data-shrink="true"
        for="title"
        id="title-label"
      >
        Title
      </label>
      <div
        class="MuiInputBase-root MuiOutlinedInput-root MuiInputBase-colorPrimary MuiInputBase-formControl MuiInputBase-sizeSmall css-9ddj71-MuiInputBase-root-MuiOutlinedInput-root"
      >
        <input
          aria-invalid="false"
          class="MuiInputBase-input MuiOutlinedInput-input MuiInputBase-inputSizeSmall css-1n4twyu-MuiInputBase-input-MuiOutlinedInput-input"
          id="title"
          name="title"
          type="text"
          value="Recipe Title"
        />
        <fieldset
          aria-hidden="true"
          class="MuiOutlinedInput-notchedOutline css-1d3z3hw-MuiOutlinedInput-notchedOutline"
        >
          <legend
            class="css-14lo706"
          >
            <span>
              Title
            </span>
          </legend>
        </fieldset>
      </div>
    </div>
    <div
      class="MuiFormControl-root MuiTextField-root field css-1u3bzj6-MuiFormControl-root-MuiTextField-root"
    >
      <label
        class="MuiFormLabel-root MuiInputLabel-root MuiInputLabel-formControl MuiInputLabel-animated MuiInputLabel-shrink MuiInputLabel-sizeSmall MuiInputLabel-outlined MuiFormLabel-colorPrimary Mui-disabled MuiFormLabel-filled MuiInputLabel-root MuiInputLabel-formControl MuiInputLabel-animated MuiInputLabel-shrink MuiInputLabel-sizeSmall MuiInputLabel-outlined css-1sumxir-MuiFormLabel-root-MuiInputLabel-root"
        data-shrink="true"
        for="slug"
        id="slug-label"
      >
        Slug
      </label>
      <div
        class="MuiInputBase-root MuiOutlinedInput-root MuiInputBase-colorPrimary Mui-disabled MuiInputBase-formControl MuiInputBase-sizeSmall MuiInputBase-adornedEnd css-o9k5xi-MuiInputBase-root-MuiOutlinedInput-root"
      >
        <input
          aria-invalid="false"
          class="MuiInputBase-input MuiOutlinedInput-input Mui-disabled MuiInputBase-inputSizeSmall MuiInputBase-inputAdornedEnd css-19qh8xo-MuiInputBase-input-MuiOutlinedInput-input"
          disabled=""
          id="slug"
          name="slug"
          type="text"
          value="recipe-title"
        />
        <div
          class="MuiInputAdornment-root MuiInputAdornment-positionEnd MuiInputAdornment-outlined MuiInputAdornment-sizeSmall css-1laqsz7-MuiInputAdornment-root"
        >
          <svg
            aria-hidden="true"
            class="MuiSvgIcon-root MuiSvgIcon-fontSizeMedium css-i4bv87-MuiSvgIcon-root"
            data-testid="LockIcon"
            focusable="false"
            viewBox="0 0 24 24"
          >
            <path
              d="M18 8h-1V6c0-2.76-2.24-5-5-5S7 3.24 7 6v2H6c-1.1 0-2 .9-2 2v10c0 1.1.9 2 2 2h12c1.1 0 2-.9 2-2V10c0-1.1-.9-2-2-2zm-6 9c-1.1 0-2-.9-2-2s.9-2 2-2 2 .9 2 2-.9 2-2 2zm3.1-9H8.9V6c0-1.71 1.39-3.1 3.1-3.1 1.71 0 3.1 1.39 3.1 3.1v2z"
            />
          </svg>
        </div>
        <fieldset
          aria-hidden="true"
          class="MuiOutlinedInput-notchedOutline css-1d3z3hw-MuiOutlinedInput-notchedOutline"
        >
          <legend
            class="css-14lo706"
          >
            <span>
              Slug
            </span>
          </legend>
        </fieldset>
      </div>
    </div>
    <div
      class="MuiFormControl-root multiline css-1nrlq1o-MuiFormControl-root"
    >
      <label
        class="MuiFormLabel-root MuiInputLabel-root MuiInputLabel-formControl MuiInputLabel-animated MuiInputLabel-shrink MuiInputLabel-outlined MuiFormLabel-colorPrimary MuiFormLabel-filled MuiInputLabel-root MuiInputLabel-formControl MuiInputLabel-animated MuiInputLabel-shrink MuiInputLabel-outlined css-1sumxir-MuiFormLabel-root-MuiInputLabel-root"
        data-shrink="true"
        for="abstract"
        id="abstractLabel"
      >
        Abstract
      </label>
      <div
        class="MuiInputBase-root MuiOutlinedInput-root MuiInputBase-colorPrimary MuiInputBase-formControl MuiInputBase-sizeSmall MuiInputBase-multiline css-1qxw4jt-MuiInputBase-root-MuiOutlinedInput-root"
      >
        <textarea
          aria-invalid="false"
          class="MuiInputBase-input MuiOutlinedInput-input MuiInputBase-inputMultiline MuiInputBase-inputSizeSmall css-12tl3rr-MuiInputBase-input-MuiOutlinedInput-input"
          data-test="TEST"
          id="abstract"
          name="abstract"
          style="height: 0px; overflow: hidden;"
        >
          ABSTRACT
        </textarea>
        <textarea
          aria-hidden="true"
          class="MuiInputBase-input MuiOutlinedInput-input MuiInputBase-inputMultiline MuiInputBase-inputSizeSmall css-12tl3rr-MuiInputBase-input-MuiOutlinedInput-input"
          readonly=""
          style="visibility: hidden; position: absolute; overflow: hidden; height: 0px; top: 0px; left: 0px; transform: translateZ(0); padding: 0px; width: 100%;"
          tabindex="-1"
        />
        <fieldset
          aria-hidden="true"
          class="MuiOutlinedInput-notchedOutline css-1d3z3hw-MuiOutlinedInput-notchedOutline"
        >
          <legend
            class="css-14lo706"
          >
            <span>
              Abstract
            </span>
          </legend>
        </fieldset>
      </div>
    </div>
    <div
      class="MuiGrid-root MuiGrid-container content css-11lq3yg-MuiGrid-root"
    >
      <div
        class="MuiGrid-root MuiGrid-item MuiGrid-grid-lg-6 contentGrid css-1i6hukq-MuiGrid-root"
      >
        <div
          class="description css-nen11g-MuiStack-root"
        >
          <div
            class="tags MuiBox-root css-h5fkc8"
          >
            <div
              class="tagButtons css-m69qwo-MuiStack-root"
              data-testid="tag-buttons"
            >
              <a
                class="MuiButtonBase-root MuiButton-root MuiButton-outlined MuiButton-outlinedPrimary MuiButton-sizeSmall MuiButton-outlinedSizeSmall MuiButton-root MuiButton-outlined MuiButton-outlinedPrimary MuiButton-sizeSmall MuiButton-outlinedSizeSmall tag css-1k23hlb-MuiButtonBase-root-MuiButton-root"
                href="/tags/tag-1"
                role="button"
                tabindex="0"
              >
                Tag 1
                <span
                  class="MuiTouchRipple-root css-8je8zh-MuiTouchRipple-root"
                />
              </a>
            </div>
          </div>
          <div
            class="MuiGrid-root MuiGrid-container MuiGrid-spacing-xs-2 details css-mhc70k-MuiGrid-root"
          >
            <div
              class="MuiGrid-root MuiGrid-item MuiGrid-grid-xs-6 css-1osj8n2-MuiGrid-root"
            >
              <div
                class="css-nen11g-MuiStack-root"
              >
                <div
                  class="MuiFormControl-root MuiTextField-root field number css-1u3bzj6-MuiFormControl-root-MuiTextField-root"
                >
                  <label
                    class="MuiFormLabel-root MuiInputLabel-root MuiInputLabel-formControl MuiInputLabel-animated MuiInputLabel-shrink MuiInputLabel-sizeSmall MuiInputLabel-outlined MuiFormLabel-colorPrimary MuiFormLabel-filled MuiInputLabel-root MuiInputLabel-formControl MuiInputLabel-animated MuiInputLabel-shrink MuiInputLabel-sizeSmall MuiInputLabel-outlined css-1sumxir-MuiFormLabel-root-MuiInputLabel-root"
                    data-shrink="true"
                    for="prepTime"
                    id="prepTime-label"
                  >
                    Prep Time
                  </label>
                  <div
                    class="MuiInputBase-root MuiOutlinedInput-root MuiInputBase-colorPrimary MuiInputBase-formControl MuiInputBase-sizeSmall MuiInputBase-adornedEnd css-o9k5xi-MuiInputBase-root-MuiOutlinedInput-root"
                  >
                    <input
                      aria-invalid="false"
                      class="MuiInputBase-input MuiOutlinedInput-input MuiInputBase-inputSizeSmall MuiInputBase-inputAdornedEnd css-19qh8xo-MuiInputBase-input-MuiOutlinedInput-input"
                      id="prepTime"
                      type="text"
                      value="30"
                    />
                    <div
                      class="MuiInputAdornment-root MuiInputAdornment-positionEnd MuiInputAdornment-outlined MuiInputAdornment-sizeSmall css-1laqsz7-MuiInputAdornment-root"
                    >
                      <p
                        class="MuiTypography-root MuiTypography-body1 css-1pnmrwp-MuiTypography-root"
                      >
                        Min
                      </p>
                    </div>
                    <fieldset
                      aria-hidden="true"
                      class="MuiOutlinedInput-notchedOutline css-1d3z3hw-MuiOutlinedInput-notchedOutline"
                    >
                      <legend
                        class="css-14lo706"
                      >
                        <span>
                          Prep Time
                        </span>
                      </legend>
                    </fieldset>
                  </div>
                </div>
                <div
                  class="MuiFormControl-root MuiTextField-root field number css-1u3bzj6-MuiFormControl-root-MuiTextField-root"
                >
                  <label
                    class="MuiFormLabel-root MuiInputLabel-root MuiInputLabel-formControl MuiInputLabel-animated MuiInputLabel-shrink MuiInputLabel-sizeSmall MuiInputLabel-outlined MuiFormLabel-colorPrimary MuiFormLabel-filled MuiInputLabel-root MuiInputLabel-formControl MuiInputLabel-animated MuiInputLabel-shrink MuiInputLabel-sizeSmall MuiInputLabel-outlined css-1sumxir-MuiFormLabel-root-MuiInputLabel-root"
                    data-shrink="true"
                    for="cookTime"
                    id="cookTime-label"
                  >
                    Cook Time
                  </label>
                  <div
                    class="MuiInputBase-root MuiOutlinedInput-root MuiInputBase-colorPrimary MuiInputBase-formControl MuiInputBase-sizeSmall MuiInputBase-adornedEnd css-o9k5xi-MuiInputBase-root-MuiOutlinedInput-root"
                  >
                    <input
                      aria-invalid="false"
                      class="MuiInputBase-input MuiOutlinedInput-input MuiInputBase-inputSizeSmall MuiInputBase-inputAdornedEnd css-19qh8xo-MuiInputBase-input-MuiOutlinedInput-input"
                      id="cookTime"
                      type="text"
                      value="30"
                    />
                    <div
                      class="MuiInputAdornment-root MuiInputAdornment-positionEnd MuiInputAdornment-outlined MuiInputAdornment-sizeSmall css-1laqsz7-MuiInputAdornment-root"
                    >
                      <p
                        class="MuiTypography-root MuiTypography-body1 css-1pnmrwp-MuiTypography-root"
                      >
                        Min
                      </p>
                    </div>
                    <fieldset
                      aria-hidden="true"
                      class="MuiOutlinedInput-notchedOutline css-1d3z3hw-MuiOutlinedInput-notchedOutline"
                    >
                      <legend
                        class="css-14lo706"
                      >
                        <span>
                          Cook Time
                        </span>
                      </legend>
                    </fieldset>
                  </div>
                </div>
                <h6
                  class="MuiTypography-root MuiTypography-subtitle2 css-ati914-MuiTypography-root"
                >
                  <strong>
                    Total Time:
                  </strong>
                   1 hour
                </h6>
              </div>
            </div>
            <div
              class="MuiGrid-root MuiGrid-item MuiGrid-grid-xs-6 yield css-1osj8n2-MuiGrid-root"
            >
              <div
                class="MuiFormControl-root MuiTextField-root field number css-1u3bzj6-MuiFormControl-root-MuiTextField-root"
              >
                <label
                  class="MuiFormLabel-root MuiInputLabel-root MuiInputLabel-formControl MuiInputLabel-animated MuiInputLabel-shrink MuiInputLabel-sizeSmall MuiInputLabel-outlined MuiFormLabel-colorPrimary MuiFormLabel-filled MuiInputLabel-root MuiInputLabel-formControl MuiInputLabel-animated MuiInputLabel-shrink MuiInputLabel-sizeSmall MuiInputLabel-outlined css-1sumxir-MuiFormLabel-root-MuiInputLabel-root"
                  data-shrink="true"
                  for="recipeYield"
                  id="recipeYield-label"
                >
                  Recipe Yield
                </label>
                <div
                  class="MuiInputBase-root MuiOutlinedInput-root MuiInputBase-colorPrimary MuiInputBase-formControl MuiInputBase-sizeSmall MuiInputBase-adornedEnd css-o9k5xi-MuiInputBase-root-MuiOutlinedInput-root"
                >
                  <input
                    aria-invalid="false"
                    class="MuiInputBase-input MuiOutlinedInput-input MuiInputBase-inputSizeSmall MuiInputBase-inputAdornedEnd css-19qh8xo-MuiInputBase-input-MuiOutlinedInput-input"
                    id="recipeYield"
                    type="text"
                    value="4"
                  />
                  <div
                    class="MuiInputAdornment-root MuiInputAdornment-positionEnd MuiInputAdornment-outlined MuiInputAdornment-sizeSmall css-1laqsz7-MuiInputAdornment-root"
                  >
                    <p
                      class="MuiTypography-root MuiTypography-body1 css-1pnmrwp-MuiTypography-root"
                    >
                      Servings
                    </p>
                  </div>
                  <fieldset
                    aria-hidden="true"
                    class="MuiOutlinedInput-notchedOutline css-1d3z3hw-MuiOutlinedInput-notchedOutline"
                  >
                    <legend
                      class="css-14lo706"
                    >
                      <span>
                        Recipe Yield
                      </span>
                    </legend>
                  </fieldset>
                </div>
              </div>
            </div>
          </div>
        </div>
      </div>
      <div
        class="MuiGrid-root MuiGrid-item MuiGrid-grid-lg-6 css-1i6hukq-MuiGrid-root"
      >
        <div
          class="image MuiBox-root css-0"
        >
          <link
            as="image"
            fetchpriority="high"
            href="https://recipes.pliddy.com/url?w=600&h=450&fit=fill&fm=webp&q=75"
            imagesrcset="https://recipes.pliddy.com/url?w=600&h=450&fit=fill&fm=webp&q=75 1x, https://recipes.pliddy.com/url?w=1200&h=900&fit=fill&fm=webp&q=75 2x"
            media="(min-width: 1048px)"
            rel="preload"
            sizes="600px"
            type="image/webp"
          />
          <link
            as="image"
            fetchpriority="high"
            href="https://recipes.pliddy.com/url?w=600&h=450&fit=fill&fm=webp&q=75"
            imagesrcset="https://recipes.pliddy.com/url?w=500&h=375&fit=fill&fm=webp&q=75 1x, https://recipes.pliddy.com/url?w=1000&h=750&fit=fill&fm=webp&q=75 2x"
            media="(min-width: 960px) and (max-width: 1047px)"
            rel="preload"
            sizes="500px"
            type="image/webp"
          />
          <link
            as="image"
            fetchpriority="high"
            href="https://recipes.pliddy.com/url?w=600&h=450&fit=fill&fm=webp&q=75"
            imagesrcset="https://recipes.pliddy.com/url?w=900&h=675&fit=fill&fm=webp&q=75 1x, https://recipes.pliddy.com/url?w=1800&h=1350&fit=fill&fm=webp&q=75 2x"
            media="(min-width: 848px) and (max-width: 959px)"
            rel="preload"
            sizes="900px"
            type="image/webp"
          />
          <link
            as="image"
            fetchpriority="high"
            href="https://recipes.pliddy.com/url?w=600&h=450&fit=fill&fm=webp&q=75"
            imagesrcset="https://recipes.pliddy.com/url?w=800&h=600&fit=fill&fm=webp&q=75 1x, https://recipes.pliddy.com/url?w=1600&h=1200&fit=fill&fm=webp&q=75 2x"
            media="(min-width: 748px) and (max-width: 847px)"
            rel="preload"
            sizes="800px"
            type="image/webp"
          />
          <link
            as="image"
            fetchpriority="high"
            href="https://recipes.pliddy.com/url?w=600&h=450&fit=fill&fm=webp&q=75"
            imagesrcset="https://recipes.pliddy.com/url?w=700&h=525&fit=fill&fm=webp&q=75 1x, https://recipes.pliddy.com/url?w=1400&h=1050&fit=fill&fm=webp&q=75 2x"
            media="(min-width: 648px) and (max-width: 747px)"
            rel="preload"
            sizes="700px"
            type="image/webp"
          />
          <link
            as="image"
            fetchpriority="high"
            href="https://recipes.pliddy.com/url?w=600&h=450&fit=fill&fm=webp&q=75"
            imagesrcset="https://recipes.pliddy.com/url?w=600&h=450&fit=fill&fm=webp&q=75 1x, https://recipes.pliddy.com/url?w=1200&h=900&fit=fill&fm=webp&q=75 2x"
            media="(min-width: 548px) and (max-width: 647px)"
            rel="preload"
            sizes="600px"
            type="image/webp"
          />
          <link
            as="image"
            fetchpriority="high"
            href="https://recipes.pliddy.com/url?w=600&h=450&fit=fill&fm=webp&q=75"
            imagesrcset="https://recipes.pliddy.com/url?w=500&h=375&fit=fill&fm=webp&q=75 1x, https://recipes.pliddy.com/url?w=1000&h=750&fit=fill&fm=webp&q=75 2x"
            media="(min-width: 448px) and (max-width: 547px)"
            rel="preload"
            sizes="500px"
            type="image/webp"
          />
          <link
            as="image"
            fetchpriority="high"
            href="https://recipes.pliddy.com/url?w=600&h=450&fit=fill&fm=webp&q=75"
            imagesrcset="https://recipes.pliddy.com/url?w=400&h=300&fit=fill&fm=webp&q=75 1x, https://recipes.pliddy.com/url?w=800&h=600&fit=fill&fm=webp&q=75 2x"
            media="(min-width: 332px) and (max-width: 447px)"
            rel="preload"
            sizes="400px"
            type="image/webp"
          />
          <link
            as="image"
            fetchpriority="high"
            href="https://recipes.pliddy.com/url?w=600&h=450&fit=fill&fm=webp&q=75"
            imagesrcset="https://recipes.pliddy.com/url?w=300&h=225&fit=fill&fm=webp&q=75 1x, https://recipes.pliddy.com/url?w=600&h=450&fit=fill&fm=webp&q=75 2x"
            media="(max-width: 331px)"
            rel="preload"
            sizes="300px"
            type="image/webp"
          />
          <picture>
            <source
              media="(min-width: 1048px)"
              sizes="600px"
              srcset="https://recipes.pliddy.com/url?w=600&h=450&fit=fill&fm=webp&q=75 1x, https://recipes.pliddy.com/url?w=1200&h=900&fit=fill&fm=webp&q=75 2x"
            />
            <source
              media="(min-width: 960px) and (max-width: 1047px)"
              sizes="500px"
              srcset="https://recipes.pliddy.com/url?w=500&h=375&fit=fill&fm=webp&q=75 1x, https://recipes.pliddy.com/url?w=1000&h=750&fit=fill&fm=webp&q=75 2x"
            />
            <source
              media="(min-width: 848px) and (max-width: 959px)"
              sizes="900px"
              srcset="https://recipes.pliddy.com/url?w=900&h=675&fit=fill&fm=webp&q=75 1x, https://recipes.pliddy.com/url?w=1800&h=1350&fit=fill&fm=webp&q=75 2x"
            />
            <source
              media="(min-width: 748px) and (max-width: 847px)"
              sizes="800px"
              srcset="https://recipes.pliddy.com/url?w=800&h=600&fit=fill&fm=webp&q=75 1x, https://recipes.pliddy.com/url?w=1600&h=1200&fit=fill&fm=webp&q=75 2x"
            />
            <source
              media="(min-width: 648px) and (max-width: 747px)"
              sizes="700px"
              srcset="https://recipes.pliddy.com/url?w=700&h=525&fit=fill&fm=webp&q=75 1x, https://recipes.pliddy.com/url?w=1400&h=1050&fit=fill&fm=webp&q=75 2x"
            />
            <source
              media="(min-width: 548px) and (max-width: 647px)"
              sizes="600px"
              srcset="https://recipes.pliddy.com/url?w=600&h=450&fit=fill&fm=webp&q=75 1x, https://recipes.pliddy.com/url?w=1200&h=900&fit=fill&fm=webp&q=75 2x"
            />
            <source
              media="(min-width: 448px) and (max-width: 547px)"
              sizes="500px"
              srcset="https://recipes.pliddy.com/url?w=500&h=375&fit=fill&fm=webp&q=75 1x, https://recipes.pliddy.com/url?w=1000&h=750&fit=fill&fm=webp&q=75 2x"
            />
            <source
              media="(min-width: 332px) and (max-width: 447px)"
              sizes="400px"
              srcset="https://recipes.pliddy.com/url?w=400&h=300&fit=fill&fm=webp&q=75 1x, https://recipes.pliddy.com/url?w=800&h=600&fit=fill&fm=webp&q=75 2x"
            />
            <source
              media="(max-width: 331px)"
              sizes="300px"
              srcset="https://recipes.pliddy.com/url?w=300&h=225&fit=fill&fm=webp&q=75 1x, https://recipes.pliddy.com/url?w=600&h=450&fit=fill&fm=webp&q=75 2x"
            />
            <img
              alt="Image description."
              class="dynamicImage"
              fetchpriority="high"
              height="450"
              loading="eager"
              src="https://recipes.pliddy.com/url?w=1200&h=900&fit=fill&fm=webp&q=75"
              width="600"
            />
          </picture>
        </div>
      </div>
    </div>
    <div
      class="css-1lwbda4-MuiStack-root"
    >
      <div
        class="ingredients css-1okj3ks-MuiStack-root"
      >
        <h2
          class="MuiTypography-root MuiTypography-h2 css-1sra7t5-MuiTypography-root"
        >
          Ingredients
        </h2>
        <div
          class="css-nen11g-MuiStack-root"
        >
          <h3
            class="MuiTypography-root MuiTypography-h3 css-gepadz-MuiTypography-root"
          >
            Section Label 1
          </h3>
          <ul
            class="MuiList-root MuiList-padding recipeList unorderedList css-h4y409-MuiList-root"
          >
            <li
              class="MuiListItem-root MuiListItem-padding css-1tnift2-MuiListItem-root"
            >
              <div
                class="MuiListItemIcon-root css-cveggr-MuiListItemIcon-root"
              >
                <svg
                  aria-hidden="true"
                  class="MuiSvgIcon-root MuiSvgIcon-colorSecondary MuiSvgIcon-fontSizeMedium css-kw0y8f-MuiSvgIcon-root"
                  data-testid="RestaurantMenuIcon"
                  focusable="false"
                  viewBox="0 0 24 24"
                >
                  <path
                    d="m8.1 13.34 2.83-2.83L3.91 3.5c-1.56 1.56-1.56 4.09 0 5.66l4.19 4.18zm6.78-1.81c1.53.71 3.68.21 5.27-1.38 1.91-1.91 2.28-4.65.81-6.12-1.46-1.46-4.2-1.1-6.12.81-1.59 1.59-2.09 3.74-1.38 5.27L3.7 19.87l1.41 1.41L12 14.41l6.88 6.88 1.41-1.41L13.41 13l1.47-1.47z"
                  />
                </svg>
              </div>
              <div
                class="MuiListItemText-root css-tlelie-MuiListItemText-root"
              >
                <span
                  class="MuiTypography-root MuiTypography-body1 MuiListItemText-primary css-10hburv-MuiTypography-root"
                >
                  ingredient 1
                </span>
              </div>
            </li>
            <li
              class="MuiListItem-root MuiListItem-padding css-1tnift2-MuiListItem-root"
            >
              <div
                class="MuiListItemIcon-root css-cveggr-MuiListItemIcon-root"
              >
                <svg
                  aria-hidden="true"
                  class="MuiSvgIcon-root MuiSvgIcon-colorSecondary MuiSvgIcon-fontSizeMedium css-kw0y8f-MuiSvgIcon-root"
                  data-testid="RestaurantMenuIcon"
                  focusable="false"
                  viewBox="0 0 24 24"
                >
                  <path
                    d="m8.1 13.34 2.83-2.83L3.91 3.5c-1.56 1.56-1.56 4.09 0 5.66l4.19 4.18zm6.78-1.81c1.53.71 3.68.21 5.27-1.38 1.91-1.91 2.28-4.65.81-6.12-1.46-1.46-4.2-1.1-6.12.81-1.59 1.59-2.09 3.74-1.38 5.27L3.7 19.87l1.41 1.41L12 14.41l6.88 6.88 1.41-1.41L13.41 13l1.47-1.47z"
                  />
                </svg>
              </div>
              <div
                class="MuiListItemText-root css-tlelie-MuiListItemText-root"
              >
                <span
                  class="MuiTypography-root MuiTypography-body1 MuiListItemText-primary css-10hburv-MuiTypography-root"
                >
                  ingredient 2
                </span>
              </div>
            </li>
          </ul>
        </div>
      </div>
      <div
        class="equipment css-nen11g-MuiStack-root"
      >
        <h2
          class="MuiTypography-root MuiTypography-h2 css-1sra7t5-MuiTypography-root"
        >
          Equipment
        </h2>
        <ul
          class="MuiList-root MuiList-padding recipeList unorderedList css-h4y409-MuiList-root"
        >
          <li
            class="MuiListItem-root MuiListItem-padding css-1tnift2-MuiListItem-root"
          >
            <div
              class="MuiListItemIcon-root css-cveggr-MuiListItemIcon-root"
            >
              <div
                aria-label="skillet"
                class="icon MuiBox-root css-0"
                data-testid="skillet"
                role="graphics-symbol"
              >
                <svg
                  aria-hidden="true"
                  class="MuiSvgIcon-root MuiSvgIcon-fontSizeMedium icon css-i4bv87-MuiSvgIcon-root"
                  focusable="false"
                  viewBox="0 0 24 24"
                >
                  <path
                    d="M1.818.002c-.272-.018-.572.069-.867.36L.699.607l-.25.248c-.946.93.209 1.916.209 1.916l3.77 3.176c1.1.982 3.103 3.201 4.167 4.4a8.596 8.541 0 1 0 1.819-1.787C9.218 7.49 7.006 5.477 6.03 4.372L2.878.59S2.415.042 1.818.002zM1.741 1.23a.448.445 0 0 1 .317.133l.98.985a.449.446 0 1 1-.638.627l-.98-.985a.45.447 0 0 1 .32-.76Z"
                    style="fill: hsl(205, 60%, 25%); stroke: none;"
                  />
                </svg>
              </div>
            </div>
            <div
              class="MuiListItemText-root css-tlelie-MuiListItemText-root"
            >
              <span
                class="MuiTypography-root MuiTypography-body1 MuiListItemText-primary css-10hburv-MuiTypography-root"
              >
                equipment 1
              </span>
            </div>
          </li>
          <li
            class="MuiListItem-root MuiListItem-padding css-1tnift2-MuiListItem-root"
          >
            <div
              class="MuiListItemIcon-root css-cveggr-MuiListItemIcon-root"
            >
              <div
                aria-label="skillet"
                class="icon MuiBox-root css-0"
                data-testid="skillet"
                role="graphics-symbol"
              >
                <svg
                  aria-hidden="true"
                  class="MuiSvgIcon-root MuiSvgIcon-fontSizeMedium icon css-i4bv87-MuiSvgIcon-root"
                  focusable="false"
                  viewBox="0 0 24 24"
                >
                  <path
                    d="M1.818.002c-.272-.018-.572.069-.867.36L.699.607l-.25.248c-.946.93.209 1.916.209 1.916l3.77 3.176c1.1.982 3.103 3.201 4.167 4.4a8.596 8.541 0 1 0 1.819-1.787C9.218 7.49 7.006 5.477 6.03 4.372L2.878.59S2.415.042 1.818.002zM1.741 1.23a.448.445 0 0 1 .317.133l.98.985a.449.446 0 1 1-.638.627l-.98-.985a.45.447 0 0 1 .32-.76Z"
                    style="fill: hsl(205, 60%, 25%); stroke: none;"
                  />
                </svg>
              </div>
            </div>
            <div
              class="MuiListItemText-root css-tlelie-MuiListItemText-root"
            >
              <span
                class="MuiTypography-root MuiTypography-body1 MuiListItemText-primary css-10hburv-MuiTypography-root"
              >
                equipment 2
              </span>
            </div>
          </li>
        </ul>
      </div>
      <div
        class="listEdit css-nen11g-MuiStack-root"
      >
        <h2
          class="MuiTypography-root MuiTypography-h2 css-1sra7t5-MuiTypography-root"
        >
          Equipment
        </h2>
        <div
          class="MuiFormControl-root css-r47a1p-MuiFormControl-root"
        >
          <label
            class="MuiFormLabel-root MuiInputLabel-root MuiInputLabel-formControl MuiInputLabel-animated MuiInputLabel-shrink MuiInputLabel-outlined MuiFormLabel-colorPrimary MuiFormLabel-filled MuiInputLabel-root MuiInputLabel-formControl MuiInputLabel-animated MuiInputLabel-shrink MuiInputLabel-outlined css-1sumxir-MuiFormLabel-root-MuiInputLabel-root"
            data-shrink="true"
            for="equipment"
          >
            Equipment 1
          </label>
          <div
            class="MuiInputBase-root MuiOutlinedInput-root MuiInputBase-colorPrimary MuiInputBase-formControl MuiInputBase-sizeSmall MuiInputBase-adornedEnd field css-o9k5xi-MuiInputBase-root-MuiOutlinedInput-root"
          >
            <input
              aria-invalid="false"
              class="MuiInputBase-input MuiOutlinedInput-input MuiInputBase-inputSizeSmall MuiInputBase-inputAdornedEnd css-19qh8xo-MuiInputBase-input-MuiOutlinedInput-input"
              id="equipment"
              type="text"
              value="equipment 1"
            />
            <div
              class="MuiInputAdornment-root MuiInputAdornment-positionEnd MuiInputAdornment-outlined MuiInputAdornment-sizeMedium css-1laqsz7-MuiInputAdornment-root"
            >
              <button
                aria-label="move item up"
                class="MuiButtonBase-root Mui-disabled MuiIconButton-root Mui-disabled MuiIconButton-edgeEnd MuiIconButton-sizeMedium css-1yq5fb3-MuiButtonBase-root-MuiIconButton-root"
                disabled=""
                tabindex="-1"
                type="button"
              >
                <svg
                  aria-hidden="true"
                  class="MuiSvgIcon-root MuiSvgIcon-fontSizeMedium css-i4bv87-MuiSvgIcon-root"
                  data-testid="ArrowCircleUpIcon"
                  focusable="false"
                  viewBox="0 0 24 24"
                >
                  <path
                    d="M12 20c-4.41 0-8-3.59-8-8s3.59-8 8-8 8 3.59 8 8-3.59 8-8 8m0 2c5.52 0 10-4.48 10-10S17.52 2 12 2 2 6.48 2 12s4.48 10 10 10zm-1-10v4h2v-4h3l-4-4-4 4h3z"
                  />
                </svg>
              </button>
              <button
                aria-label="move item down"
                class="MuiButtonBase-root MuiIconButton-root MuiIconButton-edgeEnd MuiIconButton-sizeMedium css-1yq5fb3-MuiButtonBase-root-MuiIconButton-root"
                tabindex="0"
                type="button"
              >
                <svg
                  aria-hidden="true"
                  class="MuiSvgIcon-root MuiSvgIcon-fontSizeMedium css-i4bv87-MuiSvgIcon-root"
                  data-testid="ArrowCircleDownIcon"
                  focusable="false"
                  viewBox="0 0 24 24"
                >
                  <path
                    d="M12 4c4.41 0 8 3.59 8 8s-3.59 8-8 8-8-3.59-8-8 3.59-8 8-8m0-2C6.48 2 2 6.48 2 12s4.48 10 10 10 10-4.48 10-10S17.52 2 12 2zm1 10V8h-2v4H8l4 4 4-4h-3z"
                  />
                </svg>
                <span
                  class="MuiTouchRipple-root css-8je8zh-MuiTouchRipple-root"
                />
              </button>
              <button
                aria-label="remove item"
                class="MuiButtonBase-root MuiIconButton-root MuiIconButton-edgeEnd MuiIconButton-sizeMedium css-1yq5fb3-MuiButtonBase-root-MuiIconButton-root"
                tabindex="0"
                type="button"
              >
                <svg
                  aria-hidden="true"
                  class="MuiSvgIcon-root MuiSvgIcon-fontSizeMedium css-i4bv87-MuiSvgIcon-root"
                  data-testid="CancelIcon"
                  focusable="false"
                  viewBox="0 0 24 24"
                >
                  <path
                    d="M12 2C6.47 2 2 6.47 2 12s4.47 10 10 10 10-4.47 10-10S17.53 2 12 2zm5 13.59L15.59 17 12 13.41 8.41 17 7 15.59 10.59 12 7 8.41 8.41 7 12 10.59 15.59 7 17 8.41 13.41 12 17 15.59z"
                  />
                </svg>
                <span
                  class="MuiTouchRipple-root css-8je8zh-MuiTouchRipple-root"
                />
              </button>
            </div>
            <fieldset
              aria-hidden="true"
              class="MuiOutlinedInput-notchedOutline css-1d3z3hw-MuiOutlinedInput-notchedOutline"
            >
              <legend
                class="css-14lo706"
              >
                <span>
                  Equipment 1
                </span>
              </legend>
            </fieldset>
          </div>
        </div>
        <div
          class="MuiFormControl-root css-r47a1p-MuiFormControl-root"
        >
          <label
            class="MuiFormLabel-root MuiInputLabel-root MuiInputLabel-formControl MuiInputLabel-animated MuiInputLabel-shrink MuiInputLabel-outlined MuiFormLabel-colorPrimary MuiFormLabel-filled MuiInputLabel-root MuiInputLabel-formControl MuiInputLabel-animated MuiInputLabel-shrink MuiInputLabel-outlined css-1sumxir-MuiFormLabel-root-MuiInputLabel-root"
            data-shrink="true"
            for="equipment"
          >
            Equipment 2
          </label>
          <div
            class="MuiInputBase-root MuiOutlinedInput-root MuiInputBase-colorPrimary MuiInputBase-formControl MuiInputBase-sizeSmall MuiInputBase-adornedEnd field css-o9k5xi-MuiInputBase-root-MuiOutlinedInput-root"
          >
            <input
              aria-invalid="false"
              class="MuiInputBase-input MuiOutlinedInput-input MuiInputBase-inputSizeSmall MuiInputBase-inputAdornedEnd css-19qh8xo-MuiInputBase-input-MuiOutlinedInput-input"
              id="equipment"
              type="text"
              value="equipment 2"
            />
            <div
              class="MuiInputAdornment-root MuiInputAdornment-positionEnd MuiInputAdornment-outlined MuiInputAdornment-sizeMedium css-1laqsz7-MuiInputAdornment-root"
            >
              <button
                aria-label="move item up"
                class="MuiButtonBase-root MuiIconButton-root MuiIconButton-edgeEnd MuiIconButton-sizeMedium css-1yq5fb3-MuiButtonBase-root-MuiIconButton-root"
                tabindex="0"
                type="button"
              >
                <svg
                  aria-hidden="true"
                  class="MuiSvgIcon-root MuiSvgIcon-fontSizeMedium css-i4bv87-MuiSvgIcon-root"
                  data-testid="ArrowCircleUpIcon"
                  focusable="false"
                  viewBox="0 0 24 24"
                >
                  <path
                    d="M12 20c-4.41 0-8-3.59-8-8s3.59-8 8-8 8 3.59 8 8-3.59 8-8 8m0 2c5.52 0 10-4.48 10-10S17.52 2 12 2 2 6.48 2 12s4.48 10 10 10zm-1-10v4h2v-4h3l-4-4-4 4h3z"
                  />
                </svg>
                <span
                  class="MuiTouchRipple-root css-8je8zh-MuiTouchRipple-root"
                />
              </button>
              <button
                aria-label="move item down"
                class="MuiButtonBase-root Mui-disabled MuiIconButton-root Mui-disabled MuiIconButton-edgeEnd MuiIconButton-sizeMedium css-1yq5fb3-MuiButtonBase-root-MuiIconButton-root"
                disabled=""
                tabindex="-1"
                type="button"
              >
                <svg
                  aria-hidden="true"
                  class="MuiSvgIcon-root MuiSvgIcon-fontSizeMedium css-i4bv87-MuiSvgIcon-root"
                  data-testid="ArrowCircleDownIcon"
                  focusable="false"
                  viewBox="0 0 24 24"
                >
                  <path
                    d="M12 4c4.41 0 8 3.59 8 8s-3.59 8-8 8-8-3.59-8-8 3.59-8 8-8m0-2C6.48 2 2 6.48 2 12s4.48 10 10 10 10-4.48 10-10S17.52 2 12 2zm1 10V8h-2v4H8l4 4 4-4h-3z"
                  />
                </svg>
              </button>
              <button
                aria-label="remove item"
                class="MuiButtonBase-root MuiIconButton-root MuiIconButton-edgeEnd MuiIconButton-sizeMedium css-1yq5fb3-MuiButtonBase-root-MuiIconButton-root"
                tabindex="0"
                type="button"
              >
                <svg
                  aria-hidden="true"
                  class="MuiSvgIcon-root MuiSvgIcon-fontSizeMedium css-i4bv87-MuiSvgIcon-root"
                  data-testid="CancelIcon"
                  focusable="false"
                  viewBox="0 0 24 24"
                >
                  <path
                    d="M12 2C6.47 2 2 6.47 2 12s4.47 10 10 10 10-4.47 10-10S17.53 2 12 2zm5 13.59L15.59 17 12 13.41 8.41 17 7 15.59 10.59 12 7 8.41 8.41 7 12 10.59 15.59 7 17 8.41 13.41 12 17 15.59z"
                  />
                </svg>
                <span
                  class="MuiTouchRipple-root css-8je8zh-MuiTouchRipple-root"
                />
              </button>
            </div>
            <fieldset
              aria-hidden="true"
              class="MuiOutlinedInput-notchedOutline css-1d3z3hw-MuiOutlinedInput-notchedOutline"
            >
              <legend
                class="css-14lo706"
              >
                <span>
                  Equipment 2
                </span>
              </legend>
            </fieldset>
          </div>
        </div>
        <button
          aria-label="add item"
          class="MuiButtonBase-root MuiButton-root MuiButton-outlined MuiButton-outlinedPrimary MuiButton-sizeMedium MuiButton-outlinedSizeMedium MuiButton-root MuiButton-outlined MuiButton-outlinedPrimary MuiButton-sizeMedium MuiButton-outlinedSizeMedium css-1rwt2y5-MuiButtonBase-root-MuiButton-root"
          tabindex="0"
          type="button"
        >
          <span
            class="MuiButton-startIcon MuiButton-iconSizeMedium css-1d6wzja-MuiButton-startIcon"
          >
            <svg
              aria-hidden="true"
              class="MuiSvgIcon-root MuiSvgIcon-fontSizeMedium css-i4bv87-MuiSvgIcon-root"
              data-testid="AddCircleIcon"
              focusable="false"
              viewBox="0 0 24 24"
            >
              <path
                d="M12 2C6.48 2 2 6.48 2 12s4.48 10 10 10 10-4.48 10-10S17.52 2 12 2zm5 11h-4v4h-2v-4H7v-2h4V7h2v4h4v2z"
              />
            </svg>
          </span>
          Add Item
          <span
            class="MuiTouchRipple-root css-8je8zh-MuiTouchRipple-root"
          />
        </button>
        <pre
          style="white-space: pre-wrap; overflow-wrap: anywhere;"
        >
          {
  "values": [
    "equipment 1",
    "equipment 2"
  ]
}
        </pre>
      </div>
      <div
        class="instructions css-1okj3ks-MuiStack-root"
      >
        <h2
          class="MuiTypography-root MuiTypography-h2 css-1sra7t5-MuiTypography-root"
        >
          Instructions
        </h2>
        <div
          class="css-nen11g-MuiStack-root"
        >
          <h3
            class="MuiTypography-root MuiTypography-h3 css-gepadz-MuiTypography-root"
          >
            Section Label 1
          </h3>
          <ol
            class="MuiList-root MuiList-padding recipeList orderedList css-h4y409-MuiList-root"
          >
            <li
              class="MuiListItem-root MuiListItem-padding css-1tnift2-MuiListItem-root"
            >
              <div
                class="MuiListItemAvatar-root css-1e9lk82-MuiListItemAvatar-root"
              >
                <div
                  class="MuiAvatar-root MuiAvatar-circular MuiAvatar-colorDefault css-2s90m6-MuiAvatar-root"
                >
                  1.
                </div>
              </div>
              <div
                class="MuiListItemText-root css-tlelie-MuiListItemText-root"
              >
                <span
                  class="MuiTypography-root MuiTypography-body1 MuiListItemText-primary css-10hburv-MuiTypography-root"
                >
                  Instructions item 1
                </span>
              </div>
            </li>
          </ol>
        </div>
        <div
          class="css-nen11g-MuiStack-root"
        >
          <h3
            class="MuiTypography-root MuiTypography-h3 css-gepadz-MuiTypography-root"
          >
            Section Label 2
          </h3>
          <ol
            class="MuiList-root MuiList-padding recipeList orderedList css-h4y409-MuiList-root"
          >
            <li
              class="MuiListItem-root MuiListItem-padding css-1tnift2-MuiListItem-root"
            >
              <div
                class="MuiListItemAvatar-root css-1e9lk82-MuiListItemAvatar-root"
              >
                <div
                  class="MuiAvatar-root MuiAvatar-circular MuiAvatar-colorDefault css-2s90m6-MuiAvatar-root"
                >
                  2.
                </div>
              </div>
              <div
                class="MuiListItemText-root css-tlelie-MuiListItemText-root"
              >
                <span
                  class="MuiTypography-root MuiTypography-body1 MuiListItemText-primary css-10hburv-MuiTypography-root"
                >
                  Instructions item 2
                </span>
              </div>
            </li>
            <li
              class="MuiListItem-root MuiListItem-padding css-1tnift2-MuiListItem-root"
            >
              <div
                class="MuiListItemAvatar-root css-1e9lk82-MuiListItemAvatar-root"
              >
                <div
                  class="MuiAvatar-root MuiAvatar-circular MuiAvatar-colorDefault css-2s90m6-MuiAvatar-root"
                >
                  3.
                </div>
              </div>
              <div
                class="MuiListItemText-root css-tlelie-MuiListItemText-root"
              >
                <span
                  class="MuiTypography-root MuiTypography-body1 MuiListItemText-primary css-10hburv-MuiTypography-root"
                >
                  Instructions item 3
                </span>
              </div>
            </li>
          </ol>
        </div>
      </div>
      <div
        class="notes MuiBox-root css-0"
      >
        <h2
          class="MuiTypography-root MuiTypography-h2 css-1sra7t5-MuiTypography-root"
        >
          Notes
        </h2>
        <ul>
          <li>
            note 1
          </li>
        </ul>
      </div>
      <div
        class="listEdit css-nen11g-MuiStack-root"
      >
        <h2
          class="MuiTypography-root MuiTypography-h2 css-1sra7t5-MuiTypography-root"
        >
          Keywords
        </h2>
        <div
          class="MuiFormControl-root css-r47a1p-MuiFormControl-root"
        >
          <label
            class="MuiFormLabel-root MuiInputLabel-root MuiInputLabel-formControl MuiInputLabel-animated MuiInputLabel-shrink MuiInputLabel-outlined MuiFormLabel-colorPrimary MuiFormLabel-filled MuiInputLabel-root MuiInputLabel-formControl MuiInputLabel-animated MuiInputLabel-shrink MuiInputLabel-outlined css-1sumxir-MuiFormLabel-root-MuiInputLabel-root"
            data-shrink="true"
            for="keywords"
          >
            Keywords 1
          </label>
          <div
            class="MuiInputBase-root MuiOutlinedInput-root MuiInputBase-colorPrimary MuiInputBase-formControl MuiInputBase-sizeSmall MuiInputBase-adornedEnd field css-o9k5xi-MuiInputBase-root-MuiOutlinedInput-root"
          >
            <input
              aria-invalid="false"
              class="MuiInputBase-input MuiOutlinedInput-input MuiInputBase-inputSizeSmall MuiInputBase-inputAdornedEnd css-19qh8xo-MuiInputBase-input-MuiOutlinedInput-input"
              id="keywords"
              type="text"
              value="test"
            />
            <div
              class="MuiInputAdornment-root MuiInputAdornment-positionEnd MuiInputAdornment-outlined MuiInputAdornment-sizeMedium css-1laqsz7-MuiInputAdornment-root"
            >
              <button
                aria-label="move item up"
                class="MuiButtonBase-root Mui-disabled MuiIconButton-root Mui-disabled MuiIconButton-edgeEnd MuiIconButton-sizeMedium css-1yq5fb3-MuiButtonBase-root-MuiIconButton-root"
                disabled=""
                tabindex="-1"
                type="button"
              >
                <svg
                  aria-hidden="true"
                  class="MuiSvgIcon-root MuiSvgIcon-fontSizeMedium css-i4bv87-MuiSvgIcon-root"
                  data-testid="ArrowCircleUpIcon"
                  focusable="false"
                  viewBox="0 0 24 24"
                >
                  <path
                    d="M12 20c-4.41 0-8-3.59-8-8s3.59-8 8-8 8 3.59 8 8-3.59 8-8 8m0 2c5.52 0 10-4.48 10-10S17.52 2 12 2 2 6.48 2 12s4.48 10 10 10zm-1-10v4h2v-4h3l-4-4-4 4h3z"
                  />
                </svg>
              </button>
              <button
                aria-label="move item down"
                class="MuiButtonBase-root MuiIconButton-root MuiIconButton-edgeEnd MuiIconButton-sizeMedium css-1yq5fb3-MuiButtonBase-root-MuiIconButton-root"
                tabindex="0"
                type="button"
              >
                <svg
                  aria-hidden="true"
                  class="MuiSvgIcon-root MuiSvgIcon-fontSizeMedium css-i4bv87-MuiSvgIcon-root"
                  data-testid="ArrowCircleDownIcon"
                  focusable="false"
                  viewBox="0 0 24 24"
                >
                  <path
                    d="M12 4c4.41 0 8 3.59 8 8s-3.59 8-8 8-8-3.59-8-8 3.59-8 8-8m0-2C6.48 2 2 6.48 2 12s4.48 10 10 10 10-4.48 10-10S17.52 2 12 2zm1 10V8h-2v4H8l4 4 4-4h-3z"
                  />
                </svg>
                <span
                  class="MuiTouchRipple-root css-8je8zh-MuiTouchRipple-root"
                />
              </button>
              <button
                aria-label="remove item"
                class="MuiButtonBase-root MuiIconButton-root MuiIconButton-edgeEnd MuiIconButton-sizeMedium css-1yq5fb3-MuiButtonBase-root-MuiIconButton-root"
                tabindex="0"
                type="button"
              >
                <svg
                  aria-hidden="true"
                  class="MuiSvgIcon-root MuiSvgIcon-fontSizeMedium css-i4bv87-MuiSvgIcon-root"
                  data-testid="CancelIcon"
                  focusable="false"
                  viewBox="0 0 24 24"
                >
                  <path
                    d="M12 2C6.47 2 2 6.47 2 12s4.47 10 10 10 10-4.47 10-10S17.53 2 12 2zm5 13.59L15.59 17 12 13.41 8.41 17 7 15.59 10.59 12 7 8.41 8.41 7 12 10.59 15.59 7 17 8.41 13.41 12 17 15.59z"
                  />
                </svg>
                <span
                  class="MuiTouchRipple-root css-8je8zh-MuiTouchRipple-root"
                />
              </button>
            </div>
            <fieldset
              aria-hidden="true"
              class="MuiOutlinedInput-notchedOutline css-1d3z3hw-MuiOutlinedInput-notchedOutline"
            >
              <legend
                class="css-14lo706"
              >
                <span>
                  Keywords 1
                </span>
              </legend>
            </fieldset>
          </div>
        </div>
        <div
          class="MuiFormControl-root css-r47a1p-MuiFormControl-root"
        >
          <label
            class="MuiFormLabel-root MuiInputLabel-root MuiInputLabel-formControl MuiInputLabel-animated MuiInputLabel-shrink MuiInputLabel-outlined MuiFormLabel-colorPrimary MuiFormLabel-filled MuiInputLabel-root MuiInputLabel-formControl MuiInputLabel-animated MuiInputLabel-shrink MuiInputLabel-outlined css-1sumxir-MuiFormLabel-root-MuiInputLabel-root"
            data-shrink="true"
            for="keywords"
          >
            Keywords 2
          </label>
          <div
            class="MuiInputBase-root MuiOutlinedInput-root MuiInputBase-colorPrimary MuiInputBase-formControl MuiInputBase-sizeSmall MuiInputBase-adornedEnd field css-o9k5xi-MuiInputBase-root-MuiOutlinedInput-root"
          >
            <input
              aria-invalid="false"
              class="MuiInputBase-input MuiOutlinedInput-input MuiInputBase-inputSizeSmall MuiInputBase-inputAdornedEnd css-19qh8xo-MuiInputBase-input-MuiOutlinedInput-input"
              id="keywords"
              type="text"
              value="keyword2"
            />
            <div
              class="MuiInputAdornment-root MuiInputAdornment-positionEnd MuiInputAdornment-outlined MuiInputAdornment-sizeMedium css-1laqsz7-MuiInputAdornment-root"
            >
              <button
                aria-label="move item up"
                class="MuiButtonBase-root MuiIconButton-root MuiIconButton-edgeEnd MuiIconButton-sizeMedium css-1yq5fb3-MuiButtonBase-root-MuiIconButton-root"
                tabindex="0"
                type="button"
              >
                <svg
                  aria-hidden="true"
                  class="MuiSvgIcon-root MuiSvgIcon-fontSizeMedium css-i4bv87-MuiSvgIcon-root"
                  data-testid="ArrowCircleUpIcon"
                  focusable="false"
                  viewBox="0 0 24 24"
                >
                  <path
                    d="M12 20c-4.41 0-8-3.59-8-8s3.59-8 8-8 8 3.59 8 8-3.59 8-8 8m0 2c5.52 0 10-4.48 10-10S17.52 2 12 2 2 6.48 2 12s4.48 10 10 10zm-1-10v4h2v-4h3l-4-4-4 4h3z"
                  />
                </svg>
                <span
                  class="MuiTouchRipple-root css-8je8zh-MuiTouchRipple-root"
                />
              </button>
              <button
                aria-label="move item down"
                class="MuiButtonBase-root Mui-disabled MuiIconButton-root Mui-disabled MuiIconButton-edgeEnd MuiIconButton-sizeMedium css-1yq5fb3-MuiButtonBase-root-MuiIconButton-root"
                disabled=""
                tabindex="-1"
                type="button"
              >
                <svg
                  aria-hidden="true"
                  class="MuiSvgIcon-root MuiSvgIcon-fontSizeMedium css-i4bv87-MuiSvgIcon-root"
                  data-testid="ArrowCircleDownIcon"
                  focusable="false"
                  viewBox="0 0 24 24"
                >
                  <path
                    d="M12 4c4.41 0 8 3.59 8 8s-3.59 8-8 8-8-3.59-8-8 3.59-8 8-8m0-2C6.48 2 2 6.48 2 12s4.48 10 10 10 10-4.48 10-10S17.52 2 12 2zm1 10V8h-2v4H8l4 4 4-4h-3z"
                  />
                </svg>
              </button>
              <button
                aria-label="remove item"
                class="MuiButtonBase-root MuiIconButton-root MuiIconButton-edgeEnd MuiIconButton-sizeMedium css-1yq5fb3-MuiButtonBase-root-MuiIconButton-root"
                tabindex="0"
                type="button"
              >
                <svg
                  aria-hidden="true"
                  class="MuiSvgIcon-root MuiSvgIcon-fontSizeMedium css-i4bv87-MuiSvgIcon-root"
                  data-testid="CancelIcon"
                  focusable="false"
                  viewBox="0 0 24 24"
                >
                  <path
                    d="M12 2C6.47 2 2 6.47 2 12s4.47 10 10 10 10-4.47 10-10S17.53 2 12 2zm5 13.59L15.59 17 12 13.41 8.41 17 7 15.59 10.59 12 7 8.41 8.41 7 12 10.59 15.59 7 17 8.41 13.41 12 17 15.59z"
                  />
                </svg>
                <span
                  class="MuiTouchRipple-root css-8je8zh-MuiTouchRipple-root"
                />
              </button>
            </div>
            <fieldset
              aria-hidden="true"
              class="MuiOutlinedInput-notchedOutline css-1d3z3hw-MuiOutlinedInput-notchedOutline"
            >
              <legend
                class="css-14lo706"
              >
                <span>
                  Keywords 2
                </span>
              </legend>
            </fieldset>
          </div>
        </div>
        <button
          aria-label="add item"
          class="MuiButtonBase-root MuiButton-root MuiButton-outlined MuiButton-outlinedPrimary MuiButton-sizeMedium MuiButton-outlinedSizeMedium MuiButton-root MuiButton-outlined MuiButton-outlinedPrimary MuiButton-sizeMedium MuiButton-outlinedSizeMedium css-1rwt2y5-MuiButtonBase-root-MuiButton-root"
          tabindex="0"
          type="button"
        >
          <span
            class="MuiButton-startIcon MuiButton-iconSizeMedium css-1d6wzja-MuiButton-startIcon"
          >
            <svg
              aria-hidden="true"
              class="MuiSvgIcon-root MuiSvgIcon-fontSizeMedium css-i4bv87-MuiSvgIcon-root"
              data-testid="AddCircleIcon"
              focusable="false"
              viewBox="0 0 24 24"
            >
              <path
                d="M12 2C6.48 2 2 6.48 2 12s4.48 10 10 10 10-4.48 10-10S17.52 2 12 2zm5 11h-4v4h-2v-4H7v-2h4V7h2v4h4v2z"
              />
            </svg>
          </span>
          Add Item
          <span
            class="MuiTouchRipple-root css-8je8zh-MuiTouchRipple-root"
          />
        </button>
        <pre
          style="white-space: pre-wrap; overflow-wrap: anywhere;"
        >
          {
  "values": [
    "test",
    "keyword2"
  ]
}
        </pre>
      </div>
    </div>
  </div>
</DocumentFragment>
`;
