// Jest Snapshot v1, https://goo.gl/fbAQLP

exports[`TagPage in tag/[slug].tsx when there is page content it renders the page 1`] = `
<div>
  <title>
    Site Title | Baking
  </title>
  <meta
    content="Index tag description Baking"
    name="description"
  />
  <div
    class="MuiContainer-root MuiContainer-maxWidthLg page css-1oqqzyl-MuiContainer-root"
  >
    <h1
      class="MuiTypography-root MuiTypography-h1 css-o2w69a-MuiTypography-root"
    >
      Baking
    </h1>
    <h2
      class="MuiTypography-root MuiTypography-subtitle1 MuiTypography-gutterBottom css-1wniyei-MuiTypography-root"
    >
      1 Total
    </h2>
    <div
      class="MuiGrid-root MuiGrid-container MuiGrid-spacing-xs-2 css-mhc70k-MuiGrid-root"
    >
      <div
        class="MuiGrid-root MuiGrid-item MuiGrid-grid-xs-12 MuiGrid-grid-sm-6 MuiGrid-grid-md-6 css-wq3jbm-MuiGrid-root"
      />
    </div>
  </div>
</div>
`;
