// Jest Snapshot v1, https://goo.gl/fbAQLP

exports[`TagIndexPage in tag/index.tsx when there is content it renders the index page 1`] = `
<DocumentFragment>
  <title>
    Index Default Title
  </title>
  <meta
    content="Index default description."
    name="description"
  />
</DocumentFragment>
`;
