// Jest Snapshot v1, https://goo.gl/fbAQLP

exports[`DynamicImage when there is a url & image object it renders a picture component and generates head elements 1`] = `
<DocumentFragment>
  <link
    as="image"
    fetchpriority="high"
    href="https://URL.test?w=400&h=300&fit=fill&fm=webp&q=75"
    imagesrcset="https://URL.test?w=400&h=300&fit=fill&fm=webp&q=75 1x, https://URL.test?w=800&h=600&fit=fill&fm=webp&q=75 2x"
    media="(min-width: 1000px)"
    rel="preload"
    sizes="400px"
    type="image/webp"
  />
  <link
    as="image"
    fetchpriority="high"
    href="https://URL.test?w=400&h=300&fit=fill&fm=webp&q=75"
    imagesrcset="https://URL.test?w=200&h=150&fit=fill&fm=webp&q=75 1x, https://URL.test?w=400&h=300&fit=fill&fm=webp&q=75 2x"
    media="(min-width: 500px) and (max-width: 999px)"
    rel="preload"
    sizes="200px"
    type="image/webp"
  />
  <link
    as="image"
    fetchpriority="high"
    href="https://URL.test?w=400&h=300&fit=fill&fm=webp&q=75"
    imagesrcset="https://URL.test?w=100&h=75&fit=fill&fm=webp&q=75 1x, https://URL.test?w=200&h=150&fit=fill&fm=webp&q=75 2x"
    media="(max-width: 499px)"
    rel="preload"
    sizes="100px"
    type="image/webp"
  />
  <picture>
    <source
      media="(min-width: 1000px)"
      sizes="400px"
      srcset="https://URL.test?w=400&h=300&fit=fill&fm=webp&q=75 1x, https://URL.test?w=800&h=600&fit=fill&fm=webp&q=75 2x"
    />
    <source
      media="(min-width: 500px) and (max-width: 999px)"
      sizes="200px"
      srcset="https://URL.test?w=200&h=150&fit=fill&fm=webp&q=75 1x, https://URL.test?w=400&h=300&fit=fill&fm=webp&q=75 2x"
    />
    <source
      media="(max-width: 499px)"
      sizes="100px"
      srcset="https://URL.test?w=100&h=75&fit=fill&fm=webp&q=75 1x, https://URL.test?w=200&h=150&fit=fill&fm=webp&q=75 2x"
    />
    <img
      alt="Image Description"
      class="dynamicImage"
      fetchpriority="high"
      height="300"
      loading="eager"
      src="https://URL.test?w=400&h=300&fit=fill&q=75"
      width="400"
    />
  </picture>
</DocumentFragment>
`;
