// Jest Snapshot v1, https://goo.gl/fbAQLP

exports[`InstructionsSection when there is properly formatted content it renders the instructions section if there is content 1`] = `
<div>
  <div
    class="MuiStack-root instructions css-jfdv4h-MuiStack-root"
  >
    <h2
      class="MuiTypography-root MuiTypography-h2 css-1sra7t5-MuiTypography-root"
    >
      Instructions
    </h2>
    <div
      class="MuiStack-root css-nen11g-MuiStack-root"
    >
      <ol
        class="MuiList-root MuiList-padding recipeList orderedList css-h4y409-MuiList-root"
      >
        <li
          class="MuiListItem-root MuiListItem-padding css-1tnift2-MuiListItem-root"
        >
          <div
            class="MuiListItemAvatar-root css-1e9lk82-MuiListItemAvatar-root"
          >
            <div
              class="MuiAvatar-root MuiAvatar-circular MuiAvatar-colorDefault css-17o22dy-MuiAvatar-root"
            >
              1
              .
            </div>
          </div>
          <div
            class="MuiListItemText-root css-tlelie-MuiListItemText-root"
          >
            <span
              class="MuiTypography-root MuiTypography-body1 MuiListItemText-primary css-10hburv-MuiTypography-root"
            >
              Heat saute pan over medium-high heat.
            </span>
          </div>
        </li>
      </ol>
    </div>
  </div>
</div>
`;
