// Jest Snapshot v1, https://goo.gl/fbAQLP

exports[`NotesSection when there is properly formatted content it renders the notes section if there is content 1`] = `
<div>
  <div
    class="MuiBox-root css-0"
  >
    <h2
      class="MuiTypography-root MuiTypography-h2 css-1sra7t5-MuiTypography-root"
    >
      Notes
    </h2>
    <ul>
      <li>
        Base for Chicken and Biscuits
      </li>
    </ul>
  </div>
</div>
`;
