// Jest Snapshot v1, https://goo.gl/fbAQLP

exports[`RecipeCard when there is content it renders the RecipeCard 1`] = `
<div>
  <div
    class="MuiPaper-root MuiPaper-outlined MuiPaper-rounded MuiCard-root recipe css-1v5z4dq-MuiPaper-root-MuiCard-root"
  >
    <a
      class="MuiButtonBase-root MuiCardActionArea-root css-b6lsxj-MuiButtonBase-root-MuiCardActionArea-root"
      href="/recipes/basmati-rice"
      tabindex="0"
    >
      <div
        class="MuiCardMedia-root imageWrapper css-16cvb1l-MuiCardMedia-root"
      >
        <link
          as="image"
          fetchpriority="high"
          href="https://images.ctfassets.net/fo9qwg6zarbt/2Y8FHjjNDYCcsflAJq4Q5j/6615d77fa788a39e5d9135b9def8d006/basmati-rice.jpg?w=800&fm=webp&q=75"
          imagesrcset="https://images.ctfassets.net/fo9qwg6zarbt/2Y8FHjjNDYCcsflAJq4Q5j/6615d77fa788a39e5d9135b9def8d006/basmati-rice.jpg?w=400&fm=webp&q=75 1x, https://images.ctfassets.net/fo9qwg6zarbt/2Y8FHjjNDYCcsflAJq4Q5j/6615d77fa788a39e5d9135b9def8d006/basmati-rice.jpg?w=800&fm=webp&q=75 2x"
          media="(min-width: 987px)"
          rel="preload"
          sizes="400px"
          type="image/webp"
        />
        <link
          as="image"
          fetchpriority="high"
          href="https://images.ctfassets.net/fo9qwg6zarbt/2Y8FHjjNDYCcsflAJq4Q5j/6615d77fa788a39e5d9135b9def8d006/basmati-rice.jpg?w=800&fm=webp&q=75"
          imagesrcset="https://images.ctfassets.net/fo9qwg6zarbt/2Y8FHjjNDYCcsflAJq4Q5j/6615d77fa788a39e5d9135b9def8d006/basmati-rice.jpg?w=300&fm=webp&q=75 1x, https://images.ctfassets.net/fo9qwg6zarbt/2Y8FHjjNDYCcsflAJq4Q5j/6615d77fa788a39e5d9135b9def8d006/basmati-rice.jpg?w=600&fm=webp&q=75 2x"
          media="(min-width: 768px) and (max-width: 986px)"
          rel="preload"
          sizes="300px"
          type="image/webp"
        />
        <link
          as="image"
          fetchpriority="high"
          href="https://images.ctfassets.net/fo9qwg6zarbt/2Y8FHjjNDYCcsflAJq4Q5j/6615d77fa788a39e5d9135b9def8d006/basmati-rice.jpg?w=800&fm=webp&q=75"
          imagesrcset="https://images.ctfassets.net/fo9qwg6zarbt/2Y8FHjjNDYCcsflAJq4Q5j/6615d77fa788a39e5d9135b9def8d006/basmati-rice.jpg?w=400&fm=webp&q=75 1x, https://images.ctfassets.net/fo9qwg6zarbt/2Y8FHjjNDYCcsflAJq4Q5j/6615d77fa788a39e5d9135b9def8d006/basmati-rice.jpg?w=800&fm=webp&q=75 2x"
          media="(min-width: 668px) and (max-width: 767px)"
          rel="preload"
          sizes="400px"
          type="image/webp"
        />
        <link
          as="image"
          fetchpriority="high"
          href="https://images.ctfassets.net/fo9qwg6zarbt/2Y8FHjjNDYCcsflAJq4Q5j/6615d77fa788a39e5d9135b9def8d006/basmati-rice.jpg?w=800&fm=webp&q=75"
          imagesrcset="https://images.ctfassets.net/fo9qwg6zarbt/2Y8FHjjNDYCcsflAJq4Q5j/6615d77fa788a39e5d9135b9def8d006/basmati-rice.jpg?w=300&fm=webp&q=75 1x, https://images.ctfassets.net/fo9qwg6zarbt/2Y8FHjjNDYCcsflAJq4Q5j/6615d77fa788a39e5d9135b9def8d006/basmati-rice.jpg?w=600&fm=webp&q=75 2x"
          media="(min-width: 480px) and (max-width: 667px)"
          rel="preload"
          sizes="300px"
          type="image/webp"
        />
        <link
          as="image"
          fetchpriority="high"
          href="https://images.ctfassets.net/fo9qwg6zarbt/2Y8FHjjNDYCcsflAJq4Q5j/6615d77fa788a39e5d9135b9def8d006/basmati-rice.jpg?w=800&fm=webp&q=75"
          imagesrcset="https://images.ctfassets.net/fo9qwg6zarbt/2Y8FHjjNDYCcsflAJq4Q5j/6615d77fa788a39e5d9135b9def8d006/basmati-rice.jpg?w=500&fm=webp&q=75 1x, https://images.ctfassets.net/fo9qwg6zarbt/2Y8FHjjNDYCcsflAJq4Q5j/6615d77fa788a39e5d9135b9def8d006/basmati-rice.jpg?w=1000&fm=webp&q=75 2x"
          media="(min-width: 434px) and (max-width: 479px)"
          rel="preload"
          sizes="500px"
          type="image/webp"
        />
        <link
          as="image"
          fetchpriority="high"
          href="https://images.ctfassets.net/fo9qwg6zarbt/2Y8FHjjNDYCcsflAJq4Q5j/6615d77fa788a39e5d9135b9def8d006/basmati-rice.jpg?w=800&fm=webp&q=75"
          imagesrcset="https://images.ctfassets.net/fo9qwg6zarbt/2Y8FHjjNDYCcsflAJq4Q5j/6615d77fa788a39e5d9135b9def8d006/basmati-rice.jpg?w=400&fm=webp&q=75 1x, https://images.ctfassets.net/fo9qwg6zarbt/2Y8FHjjNDYCcsflAJq4Q5j/6615d77fa788a39e5d9135b9def8d006/basmati-rice.jpg?w=800&fm=webp&q=75 2x"
          media="(min-width: 335px) and (max-width: 433px)"
          rel="preload"
          sizes="400px"
          type="image/webp"
        />
        <link
          as="image"
          fetchpriority="high"
          href="https://images.ctfassets.net/fo9qwg6zarbt/2Y8FHjjNDYCcsflAJq4Q5j/6615d77fa788a39e5d9135b9def8d006/basmati-rice.jpg?w=800&fm=webp&q=75"
          imagesrcset="https://images.ctfassets.net/fo9qwg6zarbt/2Y8FHjjNDYCcsflAJq4Q5j/6615d77fa788a39e5d9135b9def8d006/basmati-rice.jpg?w=300&fm=webp&q=75 1x, https://images.ctfassets.net/fo9qwg6zarbt/2Y8FHjjNDYCcsflAJq4Q5j/6615d77fa788a39e5d9135b9def8d006/basmati-rice.jpg?w=600&fm=webp&q=75 2x"
          media="(max-width: 334px)"
          rel="preload"
          sizes="300px"
          type="image/webp"
        />
        <picture
          style="height: 100%;"
        >
          <source
            media="(min-width: 987px)"
            sizes="400px"
            srcset="https://images.ctfassets.net/fo9qwg6zarbt/2Y8FHjjNDYCcsflAJq4Q5j/6615d77fa788a39e5d9135b9def8d006/basmati-rice.jpg?w=400&fm=webp&q=75 1x, https://images.ctfassets.net/fo9qwg6zarbt/2Y8FHjjNDYCcsflAJq4Q5j/6615d77fa788a39e5d9135b9def8d006/basmati-rice.jpg?w=800&fm=webp&q=75 2x"
          />
          <source
            media="(min-width: 768px) and (max-width: 986px)"
            sizes="300px"
            srcset="https://images.ctfassets.net/fo9qwg6zarbt/2Y8FHjjNDYCcsflAJq4Q5j/6615d77fa788a39e5d9135b9def8d006/basmati-rice.jpg?w=300&fm=webp&q=75 1x, https://images.ctfassets.net/fo9qwg6zarbt/2Y8FHjjNDYCcsflAJq4Q5j/6615d77fa788a39e5d9135b9def8d006/basmati-rice.jpg?w=600&fm=webp&q=75 2x"
          />
          <source
            media="(min-width: 668px) and (max-width: 767px)"
            sizes="400px"
            srcset="https://images.ctfassets.net/fo9qwg6zarbt/2Y8FHjjNDYCcsflAJq4Q5j/6615d77fa788a39e5d9135b9def8d006/basmati-rice.jpg?w=400&fm=webp&q=75 1x, https://images.ctfassets.net/fo9qwg6zarbt/2Y8FHjjNDYCcsflAJq4Q5j/6615d77fa788a39e5d9135b9def8d006/basmati-rice.jpg?w=800&fm=webp&q=75 2x"
          />
          <source
            media="(min-width: 480px) and (max-width: 667px)"
            sizes="300px"
            srcset="https://images.ctfassets.net/fo9qwg6zarbt/2Y8FHjjNDYCcsflAJq4Q5j/6615d77fa788a39e5d9135b9def8d006/basmati-rice.jpg?w=300&fm=webp&q=75 1x, https://images.ctfassets.net/fo9qwg6zarbt/2Y8FHjjNDYCcsflAJq4Q5j/6615d77fa788a39e5d9135b9def8d006/basmati-rice.jpg?w=600&fm=webp&q=75 2x"
          />
          <source
            media="(min-width: 434px) and (max-width: 479px)"
            sizes="500px"
            srcset="https://images.ctfassets.net/fo9qwg6zarbt/2Y8FHjjNDYCcsflAJq4Q5j/6615d77fa788a39e5d9135b9def8d006/basmati-rice.jpg?w=500&fm=webp&q=75 1x, https://images.ctfassets.net/fo9qwg6zarbt/2Y8FHjjNDYCcsflAJq4Q5j/6615d77fa788a39e5d9135b9def8d006/basmati-rice.jpg?w=1000&fm=webp&q=75 2x"
          />
          <source
            media="(min-width: 335px) and (max-width: 433px)"
            sizes="400px"
            srcset="https://images.ctfassets.net/fo9qwg6zarbt/2Y8FHjjNDYCcsflAJq4Q5j/6615d77fa788a39e5d9135b9def8d006/basmati-rice.jpg?w=400&fm=webp&q=75 1x, https://images.ctfassets.net/fo9qwg6zarbt/2Y8FHjjNDYCcsflAJq4Q5j/6615d77fa788a39e5d9135b9def8d006/basmati-rice.jpg?w=800&fm=webp&q=75 2x"
          />
          <source
            media="(max-width: 334px)"
            sizes="300px"
            srcset="https://images.ctfassets.net/fo9qwg6zarbt/2Y8FHjjNDYCcsflAJq4Q5j/6615d77fa788a39e5d9135b9def8d006/basmati-rice.jpg?w=300&fm=webp&q=75 1x, https://images.ctfassets.net/fo9qwg6zarbt/2Y8FHjjNDYCcsflAJq4Q5j/6615d77fa788a39e5d9135b9def8d006/basmati-rice.jpg?w=600&fm=webp&q=75 2x"
          />
          <img
            alt="Skillet with basmati rice and chopped parsley."
            class="dynamicImage"
            fetchpriority="high"
            height="300"
            loading="eager"
            src="https://images.ctfassets.net/fo9qwg6zarbt/2Y8FHjjNDYCcsflAJq4Q5j/6615d77fa788a39e5d9135b9def8d006/basmati-rice.jpg?w=800&fm=webp&q=75"
            width="400"
          />
        </picture>
      </div>
      <div
        class="MuiCardHeader-root css-185gdzj-MuiCardHeader-root"
      >
        <div
          class="MuiCardHeader-content css-1qbkelo-MuiCardHeader-content"
        >
          <span
            class="MuiTypography-root MuiTypography-h5 MuiCardHeader-title css-1qvr50w-MuiTypography-root"
          >
            Basmati Rice
          </span>
          <span
            class="MuiTypography-root MuiTypography-body1 MuiCardHeader-subheader css-nrdprl-MuiTypography-root"
          >
            Vegetables
          </span>
        </div>
      </div>
      <div
        class="MuiCardContent-root css-46bh2p-MuiCardContent-root"
      >
        <p
          class="MuiTypography-root MuiTypography-body2 abstract css-e784if-MuiTypography-root"
        >
          Traditional basmati rice cooked in a covered skillet.
        </p>
      </div>
      <span
        class="MuiCardActionArea-focusHighlight css-1v2exvi-MuiCardActionArea-focusHighlight"
      />
      <span
        class="MuiTouchRipple-root css-8je8zh-MuiTouchRipple-root"
      />
    </a>
    <div
      class="MuiCardActions-root MuiCardActions-spacing css-1t6e9jv-MuiCardActions-root"
    >
      <div
        class="tagButtons css-m69qwo-MuiStack-root"
        data-testid="tag-buttons"
      >
        <a
          class="MuiButtonBase-root MuiButton-root MuiButton-outlined MuiButton-outlinedPrimary MuiButton-sizeSmall MuiButton-outlinedSizeSmall MuiButton-root MuiButton-outlined MuiButton-outlinedPrimary MuiButton-sizeSmall MuiButton-outlinedSizeSmall tag css-1k23hlb-MuiButtonBase-root-MuiButton-root"
          href="/tag/vegetables"
          role="button"
          tabindex="0"
        >
          Vegetables
          <span
            class="MuiTouchRipple-root css-8je8zh-MuiTouchRipple-root"
          />
        </a>
      </div>
    </div>
  </div>
</div>
`;
